33f80000 T _start
33f80020 t _undefined_instruction
33f80024 t _software_interrupt
33f80028 t _prefetch_abort
33f8002c t _data_abort
33f80030 t _not_used
33f80034 t _irq
33f80038 t _fiq
33f80040 t _TEXT_BASE
33f80044 T _armboot_start
33f80048 T _bss_start
33f8004c T _bss_end
33f80050 T IRQ_STACK_START
33f80054 T FIQ_STACK_START
33f80058 t start_code
33f80124 t nand1
33f80130 t nand2
33f80168 t bad_nand_read
33f80168 t loop2
33f8016c t ok_nand_read
33f80178 t go_next
33f80194 t loop3
33f80194 t notmatch
33f80198 t relocate
33f801bc t copy_loop
33f801cc t stack_setup
33f801e0 t clear_bss
33f801ec t clbss_l
33f80220 t _start_armboot
33f80224 t DW_STACK_START
33f80228 t cpu_init_crit
33f80260 t undefined_instruction
33f802c0 t software_interrupt
33f80320 t prefetch_abort
33f80380 t data_abort
33f803e0 t not_used
33f80440 t irq
33f80454 t int_return
33f80460 t fiq
33f804e0 t _TEXT_BASE
33f804e4 T lowlevel_init
33f8051c t SMRDATA
33f80550 t is_bad_block
33f80620 T nand_read_ll
33f80840 T hang
33f80850 t display_dram_config
33f80880 t init_func_i2c
33f808b4 t display_banner
33f80900 t init_baudrate
33f8095c T start_armboot
33f80b14 T enable_interrupts
33f80b24 T disable_interrupts
33f80b40 T show_regs
33f80c80 T bad_mode
33f80c9c T do_fiq
33f80cc0 T do_not_used
33f80ce4 T do_data_abort
33f80d08 T do_prefetch_abort
33f80d2c T do_software_interrupt
33f80d50 T do_undefined_instruction
33f80d74 T interrupt_init
33f80da8 W cpu_eth_init
33f80da8 t __def_eth_init
33f80db0 T eth_get_dev
33f80dc0 T eth_get_dev_by_index
33f80e04 T eth_get_dev_index
33f80e50 T eth_halt
33f80e84 T eth_send
33f80eb8 T eth_rx
33f80ee4 T eth_get_name
33f80f04 T eth_get_dev_by_name
33f80f54 T eth_set_current
33f80ff4 T eth_try_another
33f810a4 T eth_register
33f81130 T eth_setenv_enetaddr
33f81168 T eth_parse_enetaddr
33f811c8 T eth_getenv_enetaddr
33f81220 T eth_getenv_enetaddr_by_index
33f8126c T eth_init
33f8132c T eth_initialize
33f81504 t startAgainTimeout
33f81518 t startAgainHandler
33f8151c T NetSetHandler
33f8152c T NetCksumOk
33f81584 T NetCksum
33f815cc T copy_filename
33f81624 T string_to_VLAN
33f81678 T getenv_VLAN
33f81688 T NetEthHdrSize
33f816cc T VLAN_to_string
33f81718 T ip_to_string
33f81768 T random_port
33f81784 T NetSetTimeout
33f817b4 t NetCopyIP
33f817bc T NetSetIP
33f818dc T NetSetEther
33f81980 t NetReadIP
33f8199c t PingHandler
33f819c4 T NetSendPacket
33f819c8 T NetReceive
33f81fdc T ArpRequest
33f820e0 T PingSend
33f82290 T NetSendUDPPacket
33f823d0 t PingTimeout
33f823ec T NetStartAgain
33f824f4 T ArpTimeoutCheck
33f82568 t getenv_IPaddr
33f82578 T NetLoop
33f82980 t basename
33f829bc t rpc_add_credentials
33f82aac t rpc_lookup_reply
33f82b84 t nfs_mount_reply
33f82c34 t nfs_umountall_reply
33f82cc8 t nfs_lookup_reply
33f82d70 t rpc_req
33f82e94 t rpc_lookup_req
33f82f14 t nfs_mount_req
33f82fb8 t nfs_umountall_req
33f83010 t nfs_lookup_req
33f830c8 t nfs_read_req
33f83168 t nfs_readlink_req
33f831c0 t NfsSend
33f83254 T NfsStart
33f8348c t nfs_readlink_reply
33f835a4 t nfs_read_reply
33f83710 t NfsHandler
33f838f8 t NfsTimeout
33f83954 T RarpRequest
33f83a50 t RarpHandler
33f83aac t RarpTimeout
33f83af4 t TftpSend
33f83c94 T TftpStart
33f83f70 t TftpTimeout
33f83fd4 t TftpHandler
33f842bc t NetCopyIP
33f842c4 t NetReadLong
33f842e0 t DhcpOptionsProcess
33f844e8 t DhcpExtended
33f84700 t T.68
33f8471c t DhcpHandler
33f84a70 T BootpRequest
33f84c3c T DhcpRequest
33f84c40 t BootpTimeout
33f84c88 t WaitForXfer
33f84cd4 t i2c_transfer
33f84fec T i2c_write
33f8508c T i2c_read
33f85134 T i2c_probe
33f85170 T i2c_init
33f85300 T nand_init
33f853b8 t generic_ffs
33f8540c t nand_release_device
33f85424 t nand_read_byte
33f85434 t nand_read_byte16
33f85448 t nand_read_word
33f85458 t nand_write_buf
33f85484 t nand_read_buf
33f854ac t nand_verify_buf
33f854ec t nand_write_buf16
33f85520 t nand_read_buf16
33f85554 t nand_verify_buf16
33f8559c t nand_block_bad
33f85690 t nand_check_wp
33f856cc t nand_read_page_raw
33f85704 t nand_read_page_raw_syndrome
33f857d0 t nand_read_page_swecc
33f858e0 t nand_read_subpage
33f85b68 t nand_read_page_hwecc
33f85ca0 t nand_read_page_hwecc_oob_first
33f85ddc t nand_read_page_syndrome
33f85efc t nand_read_oob_std
33f85f3c t nand_read_oob_syndrome
33f8603c t nand_write_oob_std
33f860ac t nand_write_oob_syndrome
33f86258 t nand_write_page_raw
33f8628c t nand_write_page_raw_syndrome
33f86358 t nand_write_page_swecc
33f86414 t nand_write_page_hwecc
33f864dc t nand_write_page_syndrome
33f865cc t single_erase_cmd
33f86608 t multi_erase_cmd
33f86694 t nand_sync
33f866a4 t nand_suspend
33f866b8 T nand_release
33f866e0 t nand_resume
33f86700 T nand_scan_tail
33f86cb8 t nand_select_chip
33f86d14 t nand_block_checkbad
33f86d90 t nand_block_isbad
33f86dd0 t nand_block_markbad
33f86e0c t nand_write_page
33f86f00 T nand_scan_ident
33f874ac T nand_scan
33f874cc t nand_fill_oob
33f875e4 t nand_do_write_oob
33f877b4 t nand_do_write_ops
33f87af4 t nand_write_oob
33f87ba0 t nand_transfer_oob
33f87cb4 t nand_write
33f87ea8 t nand_default_block_markbad
33f87f98 T nand_erase_nand
33f88384 t nand_erase
33f8838c t nand_wait
33f8845c T nand_wait_ready
33f884a4 t nand_do_read_ops
33f888c8 t nand_read_oob
33f88ba0 t nand_read
33f88c34 t nand_command
33f88e00 t nand_command_lp
33f89054 t scan_read_raw
33f8909c T nand_isbad_bbt
33f890ec t create_bbt
33f89444 t search_bbt
33f89718 t read_bbt
33f89960 t read_abs_bbt
33f89a58 t write_bbt
33f8a0d4 T nand_update_bbt
33f8a224 t mark_bbt_region
33f8a3a8 T nand_scan_bbt
33f8a820 T nand_default_bbt
33f8a8e4 T nand_calculate_ecc
33f8a9d8 T nand_correct_data
33f8aaf8 t s3c2410_hwcontrol
33f8ab6c t s3c2410_dev_ready
33f8ab80 T board_nand_init
33f8abf4 T _serial_getc
33f8ac14 T serial_getc
33f8ac38 T serial_putc
33f8ac40 T _serial_putc
33f8ac6c T _serial_tstc
33f8ac80 T serial_tstc
33f8ac94 T _serial_puts
33f8acc4 T serial_puts
33f8accc T _serial_setbrg
33f8acf8 T serial_init
33f8ad40 T serial_setbrg
33f8ad48 T udc_disconnect
33f8ad60 T HaltDabort
33f8ad74 T HaltPabort
33f8ad88 T HaltSwi
33f8ad9c T HaltUndef
33f8adb0 T usb_init_slave
33f8ae24 T awaitkey
33f8ae94 T usb_receive
33f8b0f4 T ClearPending_my
33f8b108 T Timer_InitEx
33f8b168 T IsrWatchdog
33f8b1a4 T IsrTimer4
33f8b1cc T Isr_Init
33f8b274 T IRQ_Handle
33f8b2d0 T Dummy_isr
33f8b2f8 T Timer_StopEx
33f8b37c T Timer_StartEx
33f8b3e0 T ReconfigUsbd
33f8b504 T ConfigUsbd
33f8b524 T RdPktEp0
33f8b54c T WrPktEp0
33f8b574 T WrPktEp1
33f8b59c T WrPktEp2
33f8b5c4 T RdPktEp3
33f8b5ec T RdPktEp4
33f8b614 T ConfigEp3DmaMode
33f8b6f4 T ConfigEp3IntMode
33f8b748 T _WrDbgStrFifo
33f8b778 T DbgPrintf
33f8b784 T IsrUsbd
33f8b860 T UsbdMain
33f8b874 T ClearEp3OutPktReady
33f8b89c T IsrDma2
33f8ba24 T Ep3Handler
33f8bc38 T InitDescriptorTable
33f8bd5c T Ep0Handler
33f8c620 T PrepareEp1Fifo
33f8c690 T Ep1Handler
33f8c6d4 T do_bdinfo
33f8c7c4 T gunzip_bmp
33f8c868 T do_bmp
33f8ca84 W do_go_exec
33f8caa0 T do_go
33f8cb18 T __arch_preboot_os
33f8cb18 W arch_preboot_os
33f8cb1c t do_imls
33f8cbd0 t image_info
33f8ccb4 T do_iminfo
33f8cd14 T do_bootd
33f8cd38 t do_bootm_rtems
33f8cd78 t do_bootm_qnxelf
33f8cddc t do_bootm_vxworks
33f8ce40 t do_bootm_netbsd
33f8cf64 t bootm_load_os
33f8d0b8 t bootm_start
33f8d478 T do_bootm_subcommand
33f8d630 T do_bootm
33f8d8c0 t on_off
33f8d8fc T do_dcache
33f8d974 T do_icache
33f8d9ec T do_coninfo
33f8dac0 T mk_date
33f8dd48 T do_date
33f8de68 T do_echo
33f8dee8 T eeprom_init
33f8def8 T eeprom_probe
33f8df04 T eeprom_write
33f8df7c T eeprom_read
33f8dff0 T do_eeprom
33f8e104 T load_elf_image
33f8e19c T valid_elf_image
33f8e1f0 T do_bootvx
33f8e47c W do_bootelf_exec
33f8e4bc T do_bootelf
33f8e554 T do_exit
33f8e584 T do_fat_fsinfo
33f8e65c T do_fat_ls
33f8e760 T do_fat_fsload
33f8e8e4 T flash_sect_roundb
33f8e9b0 t flash_fill_sect_ranges
33f8eb80 T flash_sect_protect
33f8ec74 t addr_spec
33f8ed38 t abbrev_spec
33f8ee80 T do_protect
33f8f11c T flash_sect_erase
33f8f1fc T do_flerase
33f8f390 T do_flinfo
33f8f40c T do_help
33f8f454 T __def_i2c_get_bus_speed
33f8f454 W i2c_get_bus_speed
33f8f460 T __def_i2c_set_bus_speed
33f8f460 W i2c_set_bus_speed
33f8f478 T do_i2c_bus_speed
33f8f4e8 t mod_i2c_mem
33f8f734 T do_i2c_loop
33f8f844 T do_i2c_mw
33f8f96c T do_i2c_probe
33f8f9b8 T do_i2c_md
33f8fb98 T do_i2c_crc
33f8fce4 T do_i2c
33f8fef4 t evalexp
33f8ff60 T binary_test
33f90168 T do_itest
33f90204 t jffs2_part_info
33f90298 T mtdparts_init
33f90630 T do_jffs2_fsinfo
33f9068c T do_jffs2_ls
33f906e4 T do_jffs2_fsload
33f9081c T ktrans
33f9083c T chk1
33f9086c t bin_data_init
33f90884 t bin_data_char
33f908a4 T k_data_init
33f908c4 T k_data_save
33f908e8 T k_data_restore
33f9090c T k_data_char
33f90984 T send_pad
33f909b4 T s1_sendpacket
33f909e0 T handle_send_packet
33f90bdc T send_nack
33f90c54 T send_ack
33f90ccc t load_serial_xmodem
33f90e00 t load_serial_ymodem
33f90f34 t getcxmodem
33f90f54 T do_load_serial_bin
33f9146c t load_serial
33f916ac T do_load_serial
33f91788 T do_unzip
33f91808 T do_mem_crc
33f918b4 T do_mem_base
33f918f8 T do_mem_mtest
33f91aa0 T do_mem_loop
33f91b98 T do_mem_cmp
33f91d28 T do_mem_mw
33f91de4 T do_mem_cp
33f91fcc t mod_mem
33f92118 T do_mem_nm
33f92138 T do_mem_mm
33f92158 T do_mem_md
33f9222c T do_sleep
33f922b0 T do_mmc
33f923ec t nand_print_info
33f92444 t arg_off_size
33f92584 T do_nandboot
33f928cc t nand_dump
33f92af4 T do_nand
33f9331c T do_ping
33f9339c t netboot_common
33f93698 T do_nfs
33f936a4 T do_dhcp
33f936b0 T do_rarpb
33f936bc T do_tftpb
33f936c8 T do_bootp
33f936d4 T get_env_id
33f936e4 T envmatch
33f93744 T getenv_r
33f937ec T do_saveenv
33f93818 T getenv
33f93888 T _do_setenv
33f93cb4 T do_askenv
33f93e18 T do_setenv
33f93e44 T setenv
33f93e90 T do_editenv
33f93ef8 t printenv
33f93fd0 T do_printenv
33f94060 T do_reginfo
33f94068 T source
33f941b8 T do_source
33f94200 T do_false
33f94208 T do_true
33f94210 T do_test
33f94678 T usb_get_class_desc
33f94718 T usb_display_ep_desc
33f947d4 T usb_display_class_sub
33f94950 T do_usbboot
33f94cf0 T usb_show_tree_graph
33f94f10 T usb_show_tree
33f94f44 T usb_display_desc
33f95074 T usb_display_string
33f950b0 T usb_display_if_desc
33f95138 T usb_display_conf_desc
33f951e4 T usb_display_config
33f95270 T do_usb
33f9579c T do_usbslave
33f958e8 T do_version
33f95908 T do_imgextract
33f95be4 T cmd_get_data_size
33f95c34 T cmd_usage
33f95c94 T var_complete
33f95d14 T find_cmd_tbl
33f95da8 T find_cmd
33f95dd0 T install_auto_complete
33f95e24 T _do_help
33f95f9c T cmd_auto_complete
33f96428 t console_setfile
33f964cc T fgetc
33f964f4 T ftstc
33f9651c T fputc
33f96548 T fputs
33f96574 T disable_ctrlc
33f9658c T had_ctrlc
33f9659c T clear_ctrlc
33f965b0 T dbg
33f965bc T console_init_f
33f965cc T getc
33f965e4 T tstc
33f965fc T ctrlc
33f96648 T putc
33f96664 T puts
33f96680 T search_device
33f966a8 T console_assign
33f966e8 T vprintf
33f96714 T printf
33f96754 T stdio_print_current_devices
33f9680c T console_init_r
33f96954 T fprintf
33f9699c T serial_printf
33f969dc T sbrk
33f96a14 T malloc_trim
33f96b24 T free
33f96d48 T cfree
33f96d4c T malloc
33f97374 T memalign
33f97484 T pvalloc
33f9749c T valloc
33f974a8 T malloc_usable_size
33f974ec T mallopt
33f97564 T calloc
33f97644 T mem_malloc_init
33f9766c T realloc
33f97ad4 T env_get_char_memory
33f97af8 T env_get_addr
33f97b1c T env_get_char
33f97b64 T env_complete
33f97ca4 T env_crc_update
33f97cd0 T set_default_env
33f97d18 T env_relocate
33f97d70 T env_get_char_spec
33f97d7c T env_init
33f97d98 T writeenv
33f97e4c T readenv
33f97f00 t use_default
33f97f18 T env_relocate_spec
33f97f64 T saveenv
33f98004 t dummy
33f98008 T get_version
33f98010 T jumptable_init
33f981f8 T flash_protect
33f982ec T addr2info
33f98334 T flash_perror
33f983f8 T flash_write
33f985b8 T simple_itoa
33f9860c t static_get
33f98628 t static_peek
33f98634 t file_peek
33f98640 T mapset
33f9866c T do_showvar
33f98758 T u_boot_hush_start
33f987a8 t xmalloc
33f987c8 T new_pipe
33f987f0 t file_get
33f9899c t free_pipe_list
33f98a80 T unset_local_var
33f98b1c t xrealloc
33f98b3c t done_command
33f98bc4 t initialize_context
33f98bfc t done_pipe
33f98c44 T reserved_word
33f98dcc t b_addchr
33f98e3c t done_word
33f98fbc t b_addqchr
33f99008 t insert_var_value
33f991b4 T set_local_var
33f99364 T update_ifs_map
33f9942c t parse_stream_outer
33f99a6c T parse_file_outer
33f99ab0 T parse_string_outer
33f99ba0 t run_list_real
33f9a3e4 T image_multi_count
33f9a408 T get_table_entry_name
33f9a434 T genimg_get_os_name
33f9a46c T genimg_get_arch_name
33f9a4a4 T genimg_get_type_name
33f9a4dc T genimg_get_comp_name
33f9a514 T genimg_get_image
33f9a518 T genimg_has_config
33f9a520 T get_table_entry_id
33f9a56c T genimg_get_comp_id
33f9a584 T genimg_get_type_id
33f9a59c T genimg_get_arch_id
33f9a5b4 T genimg_get_os_id
33f9a5cc T genimg_get_format
33f9a600 t image_get_data_size
33f9a620 T image_multi_getimg
33f9a6c8 T genimg_print_size
33f9a6f4 T memmove_wd
33f9a6f8 T getenv_bootm_low
33f9a72c T getenv_yesno
33f9a750 T getenv_bootm_size
33f9a784 T image_print_contents
33f9aa2c T image_check_dcrc
33f9aa78 T image_check_hcrc
33f9aae0 T boot_get_ramdisk
33f9ad54 T __show_boot_progress
33f9ad54 W show_boot_progress
33f9ad58 T parse_line
33f9ade4 T do_run
33f9ae54 T run_command
33f9b224 t delete_char
33f9b300 t cread_add_char
33f9b3e8 T readline_into_buffer
33f9bcfc T readline
33f9bd18 T main_loop
33f9be10 t hex2_bin
33f9be90 T srec_decode
33f9c104 T nulldev_putc
33f9c108 T nulldev_puts
33f9c10c T nulldev_input
33f9c114 T stdio_get_list
33f9c120 T stdio_clone
33f9c168 T stdio_register
33f9c1a8 T stdio_init
33f9c2a0 T stdio_get_by_name
33f9c2ec T usb_disable_asynch
33f9c304 T usb_maxpacket
33f9c328 t usb_set_maxpacket_ep
33f9c398 T usb_set_maxpacket
33f9c3fc T usb_get_dev_index
33f9c42c T usb_hub_reset
33f9c440 T usb_hub_allocate
33f9c484 T usb_alloc_new_device
33f9c524 T usb_parse_config
33f9c674 T usb_submit_int_msg
33f9c678 T usb_stop
33f9c6ac T wait_ms
33f9c6d0 T usb_bulk_msg
33f9c734 T usb_control_msg
33f9c804 T usb_get_port_status
33f9c864 T usb_get_hub_status
33f9c8b8 T usb_set_port_feature
33f9c918 T usb_clear_port_feature
33f9c978 T usb_clear_hub_feature
33f9c9cc T usb_get_hub_descriptor
33f9ca2c T usb_get_string
33f9caa8 t usb_string_sub
33f9cba8 T usb_string
33f9cca8 T usb_get_class_descriptor
33f9cd1c T usb_get_report
33f9cd90 T usb_set_idle
33f9cdf4 T usb_set_protocol
33f9ce54 T usb_set_configuration
33f9cec0 T usb_set_interface
33f9cf80 T usb_set_address
33f9cfc4 T usb_get_descriptor
33f9d030 T usb_get_configuration_no
33f9d0c8 T usb_clear_halt
33f9d178 t usb_hub_power_on
33f9d1bc t hub_port_reset
33f9d25c T usb_hub_port_connect_change
33f9d348 T usb_hub_configure
33f9d550 T usb_hub_probe
33f9d5ac T usb_new_device
33f9d83c T usb_scan_devices
33f9d8b4 T usb_init
33f9d930 T usb_stor_get_dev
33f9d950 t usb_stor_irq
33f9d96c T usb_show_progress
33f9d978 T usb_storage_probe
33f9dba8 T usb_stor_BBB_clear_endpt_stall
33f9dbf8 t usb_stor_BBB_reset
33f9dce0 t usb_stor_CB_reset
33f9ddc8 T usb_stor_CB_comdat
33f9e014 T usb_stor_BBB_comdat
33f9e100 T usb_stor_BBB_transport
33f9e2c8 T usb_stor_CBI_get_status
33f9e3a8 T usb_stor_CB_transport
33f9e594 T usb_stor_info
33f9e600 t T.90
33f9e668 t T.89
33f9e6ec T usb_stor_get_info
33f9e964 T usb_stor_scan
33f9eabc T usb_stor_read
33f9eca4 T usb_stor_write
33f9ee8c T parse_num
33f9efb8 T xyzModem_error
33f9efd8 T xyzModem_stream_close
33f9f028 T CYGACC_COMM_IF_PUTC
33f9f030 T CYGACC_COMM_IF_GETC_TIMEOUT
33f9f084 T xyzModem_stream_terminate
33f9f178 t xyzModem_get_hdr
33f9f434 T xyzModem_stream_read
33f9f6b0 T xyzModem_stream_open
33f9f804 T board_video_init
33f9f85c T dram_init
33f9f87c T board_eth_init
33f9f880 T board_init
33f9f9ac t write_hword
33f9fa4c T write_buff
33f9fbbc T flash_print_info
33f9fcf8 T flash_erase
33f9fea0 T flash_init
33f9ff48 T cyg_crc16
33f9ff90 T crc32_no_comp
33fa007c T crc32
33fa0090 T crc32_wd
33fa0094 T print_size
33fa0158 T display_options
33fa0178 T print_buffer
33fa02e8 T zunzip
33fa03d8 T gunzip
33fa048c T zfree
33fa0494 T zalloc
33fa04a4 T string_to_ip
33fa0520 T strcpy
33fa053c T strncpy
33fa0564 T strcat
33fa0594 T strncat
33fa05f0 T strcmp
33fa0620 T strncmp
33fa0668 T strchr
33fa0694 T strrchr
33fa06d0 T strlen
33fa06f0 T strnlen
33fa0718 T strspn
33fa075c T strpbrk
33fa0794 T strtok
33fa0860 T strsep
33fa08c4 T strswab
33fa090c T memset
33fa0980 T bcopy
33fa09a8 T memcpy
33fa0a14 T memmove
33fa0a70 T memcmp
33fa0aa8 T memscan
33fa0ad8 T strstr
33fa0b58 T memchr
33fa0b84 T strdup
33fa0bdc T udelay
33fa0c0c T simple_strtoul
33fa0cbc T simple_strtol
33fa0ce4 T ustrtoul
33fa0d50 T simple_strtoull
33fa0e2c t put_dec_trunc
33fa0f08 T panic
33fa0f58 t string
33fa1000 t put_dec
33fa1134 t number
33fa1380 T vsprintf
33fa19d8 T sprintf
33fa1a00 T inflate_fast
33fa1f5c T inflate_table
33fa2508 T inflateReset
33fa25a8 T inflateInit2_
33fa26a8 T inflateInit_
33fa26b8 T inflateEnd
33fa273c T adler32
33fa2a4c T zcfree
33fa2a54 T zcalloc
33fa2a5c T inflate
33fa41a0 T __div64_32
33fa4298 T do_irq
33fa42a8 T arch_interrupt_init
33fa42b0 t get_PLLCLK
33fa4334 T get_UCLK
33fa433c T get_FCLK
33fa4344 T get_HCLK
33fa43f8 T get_PCLK
33fa4424 T reset_timer
33fa4450 T set_timer
33fa4460 T __udelay
33fa4514 T reset_timer_masked
33fa4540 T get_timer_masked
33fa45a8 T get_timer
33fa45bc T udelay_masked
33fa46a0 T get_ticks
33fa46f4 T get_tbclk
33fa46fc T reset_cpu
33fa4724 T timer_init
33fa47ac T rh_check_port_status
33fa4858 T submit_int_msg
33fa4860 t T.92
33fa4918 T usb_lowlevel_init
33fa4b74 T usb_lowlevel_stop
33fa4ba8 t T.93
33fa4c34 T sohci_submit_job
33fa5224 T submit_common_msg
33fa577c T submit_bulk_msg
33fa5794 T submit_control_msg
33fa5e3c T mmc_get_dev
33fa5e48 T mmc_ident
33fa5e50 T mmc2info
33fa5e58 t mmc_cmd
33fa5f3c T mmc_init
33fa65d8 t T.66
33fa66e0 T mmc_read
33fa67e4 T mmc_bread
33fa6808 T mmc_write
33fa68e0 T do_bootm_linux
33fa6aac T flush_cache
33fa6ab0 T icache_enable
33fa6af0 T icache_disable
33fa6b30 T icache_status
33fa6b40 T dcache_enable
33fa6b80 T dcache_disable
33fa6bc0 T dcache_status
33fa6bd0 T do_reset
33fa6c00 T disk_read
33fa6c50 t get_fatent
33fa6db8 t get_cluster
33fa6e60 t get_vfatname
33fa70f8 t get_name
33fa71d8 t read_bootsectandvi
33fa72d0 T file_fat_detectfs
33fa7430 T do_fat_read
33fa7e78 T file_fat_read
33fa7eb0 T file_fat_ls
33fa7ec0 T fat_register_device
33fa7fb0 T mkmodestr
33fa80b8 t insert_node
33fa8180 t put_fl_mem
33fa81ac T jffs2_free_cache
33fa8208 t get_fl_mem_nor
33fa8258 t get_fl_mem_nand
33fa8420 t get_fl_mem
33fa8478 T jffs2_1pass_rescan_needed
33fa84ec t jffs2_get_list
33fa8aec T jffs2_1pass_info
33fa8c08 t get_node_mem
33fa8d18 t jffs2_1pass_find_inode
33fa8ea0 t jffs2_1pass_search_inode
33fa8fd4 T jffs2_1pass_load
33fa95a0 t T.132
33fa9be8 T jffs2_1pass_ls
33fa9c30 T rtime_decompress
33fa9cf8 T rubin_do_decompress
33fa9de0 T dynrubin_decompress
33fa9e1c T zlib_decompress
33fa9e34 T cramfs_memset
33fa9e58 T pull_bits
33fa9eb0 T pull_bit
33fa9ee4 t read_symbol
33fa9f8c t decompress_huffman
33faa160 t fill_code_tables
33faa234 t init_code_tables
33faa2b4 T decompress_block
33faab84 T dev_print
33faad84 T get_partition_info
33faada8 T init_part
33faadc4 T get_dev
33faae28 T print_part
33faaf04 T test_part_dos
33faaf58 t get_partition_info_extended
33fab1e4 T get_partition_info_dos
33fab204 t print_partition_extended
33fab430 T print_part_dos
33fab45c t nand_block_bad_scrub
33fab464 t get_len_incl_bad
33fab4f4 T nand_read_skip_bad
33fab6b4 T nand_write_skip_bad
33fab958 T nand_erase_opts
33fabc84 t dm9000_outblk_8bit
33fabcac t dm9000_outblk_16bit
33fabce4 t dm9000_outblk_32bit
33fabd18 t dm9000_inblk_8bit
33fabd40 t dm9000_inblk_16bit
33fabd7c t dm9000_inblk_32bit
33fabdb0 t dm9000_rx_status_32bit
33fabdd8 t dm9000_rx_status_16bit
33fabdfc t dm9000_rx_status_8bit
33fabe30 T dm9000_initialize
33fabe90 t dm9000_reset
33fabf5c t dm9000_rx
33fac0ac t dm9000_halt
33fac134 t phy_read
33fac194 t dm9000_init
33fac4b4 t dm9000_send
33fac594 T GregorianDay
33fac684 T to_tm
33fac798 T mktime
33fac830 t bin2bcd
33fac85c T rtc_get
33faca20 T rtc_set
33facae8 T rtc_reset
33facb10 t video_drawchars
33fad08c t console_newline
33fad19c T video_putc
33fad3a8 T __board_video_skip
33fad3a8 W board_video_skip
33fad3b0 T video_puts
33fad3e0 T logo_plot
33fad5d8 T video_display_bitmap
33fadf6c T drv_video_init
33fae224 T video_set_lut
33fae228 T video_hw_init
33fae478 T video_get_params
33fae8f8 T cleanup_before_linux
33fae918 T raise
33fae934 T __aeabi_uidiv
33fae934 T __udivsi3
33faea30 T __aeabi_uidivmod
33faea48 T __aeabi_idiv
33faea48 T __divsi3
33faeb74 T __aeabi_idivmod
33faeb8c T __aeabi_llsr
33faeb8c T __lshrdi3
33faeba8 T __aeabi_lasr
33faeba8 T __ashrdi3
33faebc4 T __aeabi_llsl
33faebc4 T __ashldi3
33faebe0 T __div0
33faebf4 R version_string
33faec20 r C.35.3045
33faeca0 r default_nand_name
33faeca8 r __FUNCTION__.6380
33faecb8 r __FUNCTION__.4115
33faeccc r __func__.6200
33faece0 r __FUNCTION__.5609
33faecf0 r __FUNCTION__.4936
33faed04 r nand_ecc_precalc_table
33faee04 r descStr0
33faee08 r descStr1
33faee28 r descStr2
33faee50 r boot_os
33faee9c r __FUNCTION__.4240
33faeebc r CSWTCH.69
33faef14 r CSWTCH.87
33faef1c r CSWTCH.58
33faef3c r crc16_tab
33faf13c r crc_table
33faf53c r digits.3342
33faf54c R hex_asc
33faf560 r lext.3677
33faf5a0 r lbase.3676
33faf5e0 r dext.3679
33faf620 r dbase.3678
33faf660 r lenfix
33fafe60 r distfix
33fafee0 r order.3986
33faff08 R z_errmsg
33faff30 r cc_to_error
33faff70 r l.4709
33faff74 r compr_names
33faff90 r year_lengths.3134
33faff98 r mon_lengths.3133
33fafff8 r day_name.3110
33fb0010 r mon_name.3111
33fb0034 r huffman_order
33fb0048 r block_drvr
33fb0060 r C.31.3071
33fb0090 r video_font_draw_table8
33fb00d0 r video_font_draw_table15
33fb00e0 r video_font_draw_table16
33fb00f0 r video_font_draw_table32
33fb01f0 r video_font_draw_table24
33fb02b0 R res_mode_init
33fb03e4 R vesa_modes
33fb89b8 D init_sequence
33fb89e8 D NetOurVLAN
33fb89ea D NetOurNativeVLAN
33fb89ec D NetBcastAddr
33fb89f4 d nfs_offset
33fb89f8 d TftpTimeoutMSecs
33fb89fc d TftpBlkSizeOption
33fb8a00 d TftpTimeoutCountMax
33fb8a04 D TftpRRQTimeoutCountMax
33fb8a08 d TftpBlkSize
33fb8a0c D TftpRRQTimeoutMSecs
33fb8a10 D nand_curr_device
33fb8a14 d nand_oob_8
33fb8c5c d nand_oob_16
33fb8ea4 d nand_oob_64
33fb90ec d nand_oob_128
33fb9334 d bbt_main_descr
33fb9358 d bbt_mirror_descr
33fb937c d agand_flashbased
33fb93a0 d smallpage_flashbased
33fb93c4 d largepage_flashbased
33fb93e8 d smallpage_memorybased
33fb940c d largepage_memorybased
33fb9430 d bbt_pattern
33fb9434 d mirror_pattern
33fb9438 d scan_agand_pattern
33fb9440 d scan_ff_pattern
33fb9444 D nand_flash_ids
33fb9894 D nand_manuf_ids
33fb98e4 D IO_ADDR_W
33fb98e8 D Selfpwr
33fb98e9 D Configuration
33fb98ec D load_addr
33fb98f0 D cmd_bootm_sub
33fb9998 D weekdays
33fb99b4 d i2c_dp_last_length
33fb99b8 D op_table
33fb9a20 d do_echo
33fb9a24 D dp_last_length
33fb9a28 d curr_device
33fb9a2c d env_id
33fb9a30 d usb_stor_curr_dev
33fb9a34 D g_bUSBWait
33fb9a38 d av_
33fb9e40 d sbrk_base
33fb9e44 d trim_threshold
33fb9e48 d mmap_threshold
33fb9e4c D default_environment
33fba018 D env_name_spec
33fba01c d reserved_list
33fba0a0 d uimage_os
33fba100 d uimage_arch
33fba1f0 d uimage_type
33fba280 d uimage_comp
33fba2c8 d erase_seq
33fba2cc d tab_seq
33fba2d8 d hist_cur
33fba2dc D stdio_names
33fba2e8 D us_direction
33fba308 D _ctype
33fba408 d root_hub_dev_des
33fba41c d root_hub_config_des
33fba438 d root_hub_str_index0
33fba43c d root_hub_str_index1
33fba458 d rca
33fba45c d cur_part
33fba460 d nand_cache_off
33fba464 d month_days
33fba494 d video_fontdata
33fbb494 d video_logo_height
33fbb498 d nl.3812
33fbb49c D bmp_logo_palette
33fbb4dc D bmp_logo_bitmap
33fbf0dc A __u_boot_cmd_start
33fbf0dc D __u_boot_cmd_bdinfo
33fbf0f8 D __u_boot_cmd_bmp
33fbf114 D __u_boot_cmd_go
33fbf130 D __u_boot_cmd_reset
33fbf14c D __u_boot_cmd_bootm
33fbf168 D __u_boot_cmd_boot
33fbf184 D __u_boot_cmd_bootd
33fbf1a0 D __u_boot_cmd_iminfo
33fbf1bc D __u_boot_cmd_imls
33fbf1d8 D __u_boot_cmd_icache
33fbf1f4 D __u_boot_cmd_dcache
33fbf210 D __u_boot_cmd_coninfo
33fbf22c D __u_boot_cmd_date
33fbf248 D __u_boot_cmd_echo
33fbf264 D __u_boot_cmd_eeprom
33fbf280 D __u_boot_cmd_bootelf
33fbf29c D __u_boot_cmd_bootvx
33fbf2b8 D __u_boot_cmd_exit
33fbf2d4 D __u_boot_cmd_fatload
33fbf2f0 D __u_boot_cmd_fatls
33fbf30c D __u_boot_cmd_fatinfo
33fbf328 D __u_boot_cmd_flinfo
33fbf344 D __u_boot_cmd_erase
33fbf360 D __u_boot_cmd_protect
33fbf37c D __u_boot_cmd_help
33fbf398 D __u_boot_cmd_question_mark
33fbf3b4 D __u_boot_cmd_i2c
33fbf3d0 D __u_boot_cmd_itest
33fbf3ec D __u_boot_cmd_fsload
33fbf408 D __u_boot_cmd_ls
33fbf424 D __u_boot_cmd_fsinfo
33fbf440 D __u_boot_cmd_loads
33fbf45c D __u_boot_cmd_loadb
33fbf478 D __u_boot_cmd_loadx
33fbf494 D __u_boot_cmd_loady
33fbf4b0 D __u_boot_cmd_md
33fbf4cc D __u_boot_cmd_mm
33fbf4e8 D __u_boot_cmd_nm
33fbf504 D __u_boot_cmd_mw
33fbf520 D __u_boot_cmd_cp
33fbf53c D __u_boot_cmd_cmp
33fbf558 D __u_boot_cmd_crc32
33fbf574 D __u_boot_cmd_base
33fbf590 D __u_boot_cmd_loop
33fbf5ac D __u_boot_cmd_mtest
33fbf5c8 D __u_boot_cmd_unzip
33fbf5e4 D __u_boot_cmd_sleep
33fbf600 D __u_boot_cmd_mmc
33fbf61c D __u_boot_cmd_nand
33fbf638 D __u_boot_cmd_nboot
33fbf654 D __u_boot_cmd_bootp
33fbf670 D __u_boot_cmd_tftpboot
33fbf68c D __u_boot_cmd_rarpboot
33fbf6a8 D __u_boot_cmd_dhcp
33fbf6c4 D __u_boot_cmd_nfs
33fbf6e0 D __u_boot_cmd_ping
33fbf6fc D __u_boot_cmd_saveenv
33fbf718 D __u_boot_cmd_editenv
33fbf734 D __u_boot_cmd_printenv
33fbf750 D __u_boot_cmd_setenv
33fbf76c D __u_boot_cmd_askenv
33fbf788 D __u_boot_cmd_run
33fbf7a4 D __u_boot_cmd_reginfo
33fbf7c0 D __u_boot_cmd_source
33fbf7dc D __u_boot_cmd_test
33fbf7f8 D __u_boot_cmd_false
33fbf814 D __u_boot_cmd_true
33fbf830 D __u_boot_cmd_usb
33fbf84c D __u_boot_cmd_usbboot
33fbf868 D __u_boot_cmd_usbslave
33fbf884 D __u_boot_cmd_version
33fbf8a0 D __u_boot_cmd_imxtract
33fbf8bc D __u_boot_cmd_showvar
33fbf8d8 A __bss_start
33fbf8d8 A __u_boot_cmd_end
33fbf900 B monitor_flash_len
33fbf904 b eth_current
33fbf908 b eth_devices
33fbf90c b act.3325
33fbf910 b env_changed_id.3326
33fbf914 b first_failed.3298
33fbf918 B NetState
33fbf91c b packetHandler
33fbf920 b timeHandler
33fbf924 b timeStart
33fbf928 b timeDelta
33fbf92c B NetIPID
33fbf930 B NetOurIP
33fbf934 B NetOurEther
33fbf93c B NetPingIP
33fbf940 B NetRxPacket
33fbf944 B NetRxPacketLen
33fbf948 B NetArpWaitPacketIP
33fbf94c B NetArpWaitPacketMAC
33fbf950 B NetArpWaitReplyIP
33fbf954 B NetArpWaitTxPacket
33fbf958 B NetArpWaitTxPacketSize
33fbf95c B NetServerIP
33fbf960 B NetServerEther
33fbf968 B NetTxPacket
33fbf96c B NetOurSubnetMask
33fbf970 B NetOurGatewayIP
33fbf974 b mac.3379
33fbf97c B NetEtherNullAddr
33fbf982 b PingSeqNo
33fbf984 B NetArpWaitTry
33fbf988 B NetArpWaitTimerStart
33fbf98c b NetTryCount
33fbf990 b NetRestarted
33fbf994 B NetRestartWrap
33fbf998 b NetDevExists
33fbf99c B PktBuf
33fc17bc B NetRxPackets
33fc17cc B NetArpWaitPacketBuf
33fc1dec b env_changed_id.3178
33fc1df0 B NetBootFileXferSize
33fc1df4 B NetOurDNSIP
33fc1df8 B NetOurNISDomain
33fc1e18 B NetOurHostName
33fc1e38 B NetOurRootPath
33fc1e78 B NetBootFileSize
33fc1e7c B BootFile
33fc1efc b rpc_id
33fc1f00 b NfsSrvMountPort
33fc1f04 b NfsSrvNfsPort
33fc1f08 b fs_mounted
33fc1f0c b dirfh
33fc1f2c b filefh
33fc1f4c b NfsServerIP
33fc1f50 b NfsOurPort
33fc1f54 b NfsState
33fc1f58 b nfs_path
33fc1f5c b nfs_filename
33fc1f60 b nfs_len
33fc1f64 b NfsDownloadState
33fc1f68 b nfs_path_buff
33fc2768 b default_filename
33fc27a8 b NfsTimeoutCount
33fc27ac B RarpTry
33fc27b0 b TftpState
33fc27b4 b tftp_filename
33fc2834 b TftpBlock
33fc2838 b TftpServerIP
33fc283c b TftpServerPort
33fc2840 b TftpOurPort
33fc2844 b default_filename
33fc2854 b TftpTimeoutCount
33fc2858 b TftpBlockWrap
33fc285c b TftpBlockWrapOffset
33fc2860 b TftpLastBlock
33fc2864 B dhcp_leasetime
33fc2868 B NetDHCPServerIP
33fc286c B BootpID
33fc2870 B dhcp_state
33fc2874 B BootpTry
33fc2878 B nand_info
33fc2930 b nand_chip
33fc2a48 B isUsbdSetConfiguration
33fc2a4c B download_run
33fc2a50 B dwUSBBufBase
33fc2a54 B dwUSBBufReadPtr
33fc2a58 B dwUSBBufWritePtr
33fc2a5c B bDMAPending
33fc2a60 B tempDownloadAddress
33fc2a64 B downloadAddress
33fc2a68 B downPt
33fc2a6c B downloadFileSize
33fc2a70 B dwWillDMACnt
33fc2a74 B totalDmaCount
33fc2a78 B restart
33fc2a7c B err
33fc2a80 B menuUsed
33fc2a84 B run
33fc2a88 B checkSum
33fc2a8c B dwUSBBufSize
33fc2a90 B consoleNum
33fc2a94 b intCount
33fc2a98 B g_TimerIntHappen
33fc2a9c B isr_handle_array
33fc2b64 B dbgStrWrPt
33fc2b68 B dbgStrFifo
33fc3b68 B dbgStrRdPt
33fc3b6c B ep3Buf
33fc3b8c B descDev
33fc3ba0 B descConf
33fc3bac B descIf
33fc3bb8 B descEndpt0
33fc3bc0 B descEndpt1
33fc3bc8 B ep0State
33fc3bcc B descSetup
33fc3bd4 b ep0SubState.3672
33fc3bd8 B ConfigSet
33fc3bd9 B Rwuen
33fc3bdc B StatusGet
33fc3be4 B InterfaceGet
33fc3be8 B ep0SubState
33fc3bec B AlterSetting
33fc3bed B device_status
33fc3bee B interface_status
33fc3bef B endpoint0_status
33fc3bf0 B endpoint1_status
33fc3bf1 B endpoint3_status
33fc3bf4 B transferIndex
33fc3bf8 B ep1Buf
33fc3c18 b images
33fc3ca4 b i2c_mm_last_chip
33fc3ca8 b i2c_mm_last_addr
33fc3cac b i2c_mm_last_alen
33fc3cb0 b i2c_dp_last_chip
33fc3cb4 b i2c_dp_last_addr
33fc3cb8 b i2c_dp_last_alen
33fc3cbc b initialized.4260
33fc3cc0 B current_mtd_dev
33fc3cc4 B current_mtd_partnum
33fc3cc8 b os_data_state
33fc3ccc b os_data_addr
33fc3cd0 b bin_start_address
33fc3cd4 b k_data_escape
33fc3cd8 B os_data_init
33fc3cdc b k_data_escape_saved
33fc3ce0 b os_data_state_saved
33fc3ce4 b os_data_addr_saved
33fc3ce8 B os_data_char
33fc3cec B his_quote
33fc3cf0 B his_pad_count
33fc3cf4 B his_pad_char
33fc3cf5 B his_eol
33fc3cf8 B send_ptr
33fc3cfc B send_parms
33fc3d10 b a_b
33fc3d28 b base_address
33fc3d2c B mm_last_addr
33fc3d30 B mm_last_size
33fc3d34 B dp_last_addr
33fc3d38 B dp_last_size
33fc3d3c B g_dwDownloadLen
33fc3d40 b tmp_buf.3148
33fc3f40 b tmp_buf
33fc4040 b ctrlc_disabled
33fc4044 b ctrlc_was_pressed
33fc4048 B mem_malloc_brk
33fc404c B mem_malloc_start
33fc4050 B mem_malloc_end
33fc4054 b current_mallinfo
33fc407c b top_pad
33fc4080 b max_sbrked_mem
33fc4084 b max_total_mem
33fc4088 b n_mmaps_max
33fc408c B env_ptr
33fc4090 b local.3331
33fc40a8 b map
33fc41a8 b top_vars
33fc41ac b flag_repeat
33fc41b0 b do_repeat
33fc41b4 b the_command.3360
33fc42b4 b buf.4043
33fc42dc B last_return_code
33fc42e0 b ifs
33fc42e4 B nesting_level
33fc42e8 b initted.3392
33fc42ec b hist_max
33fc42f0 b hist_add_idx
33fc42f4 B hist_num
33fc42f8 B hist_lines
33fc56f8 B hist_list
33fc5748 B console_buffer
33fc5848 b devs
33fc5884 B stdio_devices
33fc5890 b asynch_allowed
33fc5894 b usb_dev
33fd0194 b usb_hub_index
33fd0198 b hub_dev
33fd0298 b dev_index
33fd029c B usb_started
33fd02a0 b setup_packet
33fd02a8 b running
33fd02ac b usb_dev_desc
33fd04c8 b CBWTag
33fd04cc b usb_max_devs
33fd04d0 b usb_ccb
33fd0560 b usb_stor_buf
33fd0760 b usb_stor
33fd0864 b xyz
33fd0ca0 B flash_info
33fd0d4c B ___strtok
33fd0d50 b lastdec
33fd0d54 b timestamp
33fd0d58 B timer_load_val
33fd0d5c b timer_clk
33fd0e00 b gohci
33fd0ec8 B urb_priv
33fd0f9c B phcca
33fd1000 B ghcca
33fd1100 B ohci_dev
33fd12a0 B gtd
33fd22e0 B ptd
33fd22e4 b ohci_inited
33fd22e8 B urb_finished
33fd22ec B devgone
33fd22f0 B got_rhsc
33fd2300 b mmc_dev
33fd236c b resp.3968
33fd2380 b sdi
33fd2388 b mmc_csd
33fd23a0 b mmc_ready
33fd23a4 b wide
33fd23a8 b mmc_buf
33fd25a8 b params
33fd25ac b part_offset
33fd25b0 b cur_dev
33fd25b4 B get_vfatname_block
33fe25b4 B do_fat_read_block
33ff25b4 B get_dentfromdir_block
340025b4 b current_part
340025b8 b nand_cache
340025bc b dm9000_info
3400269c b pGD
340026a0 b video_fb_address
340026a4 b eorx
340026a8 b bgx
340026ac b console_col
340026b0 b console_row
340026b4 b video_console_address
340026b8 b fgx
340026bc B smi
3400274c A _end
