Archive member included because of file (symbol)

lib_arm/libarm.a(board.o)     cpu/arm920t/start.o (start_armboot)
lib_arm/libarm.a(interrupts.o)
                              lib_arm/libarm.a(board.o) (enable_interrupts)
net/libnet.a(eth.o)           lib_arm/libarm.a(board.o) (eth_initialize)
net/libnet.a(net.o)           lib_arm/libarm.a(board.o) (copy_filename)
net/libnet.a(nfs.o)           net/libnet.a(net.o) (NfsStart)
net/libnet.a(rarp.o)          net/libnet.a(net.o) (RarpRequest)
net/libnet.a(tftp.o)          net/libnet.a(net.o) (TftpStart)
net/libnet.a(bootp.o)         net/libnet.a(net.o) (BootpRequest)
drivers/i2c/libi2c.a(s3c24x0_i2c.o)
                              lib_arm/libarm.a(board.o) (i2c_init)
drivers/mtd/nand/libnand.a(nand.o)
                              lib_arm/libarm.a(board.o) (nand_init)
drivers/mtd/nand/libnand.a(nand_base.o)
                              drivers/mtd/nand/libnand.a(nand.o) (nand_scan)
drivers/mtd/nand/libnand.a(nand_bbt.o)
                              drivers/mtd/nand/libnand.a(nand_base.o) (nand_isbad_bbt)
drivers/mtd/nand/libnand.a(nand_ecc.o)
                              drivers/mtd/nand/libnand.a(nand_base.o) (nand_calculate_ecc)
drivers/mtd/nand/libnand.a(nand_ids.o)
                              drivers/mtd/nand/libnand.a(nand_base.o) (nand_flash_ids)
drivers/mtd/nand/libnand.a(s3c2410_nand.o)
                              drivers/mtd/nand/libnand.a(nand.o) (board_nand_init)
drivers/serial/libserial.a(serial_s3c24x0.o)
                              lib_arm/libarm.a(board.o) (serial_init)
drivers/usb/slave/libusb_slave.a(usbinit.o)
                              lib_arm/libarm.a(board.o) (usb_init_slave)
drivers/usb/slave/libusb_slave.a(interrupt.o)
                              drivers/usb/slave/libusb_slave.a(usbinit.o) (Timer_InitEx)
drivers/usb/slave/libusb_slave.a(usblib.o)
                              drivers/usb/slave/libusb_slave.a(usbinit.o) (ConfigEp3DmaMode)
drivers/usb/slave/libusb_slave.a(usbmain.o)
                              drivers/usb/slave/libusb_slave.a(interrupt.o) (IsrUsbd)
drivers/usb/slave/libusb_slave.a(usbout.o)
                              drivers/usb/slave/libusb_slave.a(usbinit.o) (ClearEp3OutPktReady)
drivers/usb/slave/libusb_slave.a(usbsetup.o)
                              drivers/usb/slave/libusb_slave.a(usbmain.o) (InitDescriptorTable)
drivers/usb/slave/libusb_slave.a(usbin.o)
                              drivers/usb/slave/libusb_slave.a(usbmain.o) (PrepareEp1Fifo)
common/libcommon.a(cmd_bdinfo.o)
                              (__u_boot_cmd_bdinfo)
common/libcommon.a(cmd_bmp.o)
                              (__u_boot_cmd_bmp)
common/libcommon.a(cmd_boot.o)
                              (__u_boot_cmd_go)
common/libcommon.a(cmd_bootm.o)
                              lib_arm/libarm.a(board.o) (load_addr)
common/libcommon.a(cmd_cache.o)
                              (__u_boot_cmd_icache)
common/libcommon.a(cmd_console.o)
                              (__u_boot_cmd_coninfo)
common/libcommon.a(cmd_date.o)
                              (__u_boot_cmd_date)
common/libcommon.a(cmd_echo.o)
                              (__u_boot_cmd_echo)
common/libcommon.a(cmd_eeprom.o)
                              (__u_boot_cmd_eeprom)
common/libcommon.a(cmd_elf.o)
                              common/libcommon.a(cmd_bootm.o) (do_bootvx)
common/libcommon.a(cmd_exit.o)
                              (__u_boot_cmd_exit)
common/libcommon.a(cmd_fat.o)
                              (__u_boot_cmd_fatload)
common/libcommon.a(cmd_flash.o)
                              (__u_boot_cmd_flinfo)
common/libcommon.a(cmd_help.o)
                              (__u_boot_cmd_help)
common/libcommon.a(cmd_i2c.o)
                              (__u_boot_cmd_i2c)
common/libcommon.a(cmd_itest.o)
                              (__u_boot_cmd_itest)
common/libcommon.a(cmd_jffs2.o)
                              (__u_boot_cmd_fsload)
common/libcommon.a(cmd_load.o)
                              (__u_boot_cmd_loads)
common/libcommon.a(cmd_mem.o)
                              (__u_boot_cmd_md)
common/libcommon.a(cmd_misc.o)
                              (__u_boot_cmd_sleep)
common/libcommon.a(cmd_mmc.o)
                              (__u_boot_cmd_mmc)
common/libcommon.a(cmd_nand.o)
                              (__u_boot_cmd_nand)
common/libcommon.a(cmd_net.o)
                              (__u_boot_cmd_bootp)
common/libcommon.a(cmd_nvedit.o)
                              net/libnet.a(eth.o) (get_env_id)
common/libcommon.a(cmd_reginfo.o)
                              (__u_boot_cmd_reginfo)
common/libcommon.a(cmd_source.o)
                              (__u_boot_cmd_source)
common/libcommon.a(cmd_test.o)
                              (__u_boot_cmd_test)
common/libcommon.a(cmd_usb.o)
                              (__u_boot_cmd_usb)
common/libcommon.a(cmd_usbslave.o)
                              (__u_boot_cmd_usbslave)
common/libcommon.a(cmd_version.o)
[...]
Memory Configuration

Name             Origin             Length             Attributes
*default*        0x00000000         0xffffffff

Linker script and memory map

                0x00000000                . = 0x0
                0x00000000                . = ALIGN (0x4)

.text           0x33f80000    0x2ebf4
 cpu/arm920t/start.o(.text)
 .text          0x33f80000      0x4e0 cpu/arm920t/start.o
                0x33f80000                _start
                0x33f80044                _armboot_start
                0x33f80048                _bss_start
                0x33f8004c                _bss_end
                0x33f80050                IRQ_STACK_START
                0x33f80054                FIQ_STACK_START
 board/tekkamanninja/mini2440/lowlevel_init.o(.text)
 .text          0x33f804e0       0x70 board/tekkamanninja/mini2440/lowlevel_init.o
                0x33f804e4                lowlevel_init
 board/tekkamanninja/mini2440/nand_read.o(.text)
 .text          0x33f80550      0x2f0 board/tekkamanninja/mini2440/nand_read.o
                0x33f80620                nand_read_ll
 *(.text)
 .text          0x33f80840      0x2d4 lib_arm/libarm.a(board.o)
                0x33f80840                hang
                0x33f8095c                start_armboot
 .text          0x33f80b14      0x294 lib_arm/libarm.a(interrupts.o)
                0x33f80b14                enable_interrupts
                0x33f80b24                disable_interrupts
                0x33f80b40                show_regs
                0x33f80c80                bad_mode
                0x33f80c9c                do_fiq
                0x33f80cc0                do_not_used
                0x33f80ce4                do_data_abort
                0x33f80d08                do_prefetch_abort
                0x33f80d2c                do_software_interrupt
                0x33f80d50                do_undefined_instruction
                0x33f80d74                interrupt_init
 .text          0x33f80da8      0x75c net/libnet.a(eth.o)
                0x33f80da8                cpu_eth_init
                0x33f80db0                eth_get_dev
                0x33f80dc0                eth_get_dev_by_index
                0x33f80e04                eth_get_dev_index
                0x33f80e50                eth_halt
                0x33f80e84                eth_send
                0x33f80eb8                eth_rx
                0x33f80ee4                eth_get_name
                0x33f80f04                eth_get_dev_by_name
                0x33f80f54                eth_set_current
                0x33f80ff4                eth_try_another
                0x33f810a4                eth_register
                0x33f81130                eth_setenv_enetaddr
                0x33f81168                eth_parse_enetaddr
                0x33f811c8                eth_getenv_enetaddr
                0x33f81220                eth_getenv_enetaddr_by_index
                0x33f8126c                eth_init
                0x33f8132c                eth_initialize
 .text          0x33f81504     0x147c net/libnet.a(net.o)
                0x33f8151c                NetSetHandler
                0x33f8152c                NetCksumOk
                0x33f81584                NetCksum
                0x33f815cc                copy_filename
                0x33f81624                string_to_VLAN
                0x33f81678                getenv_VLAN
                0x33f81688                NetEthHdrSize
                0x33f816cc                VLAN_to_string
                0x33f81718                ip_to_string
                0x33f81768                random_port
                0x33f81784                NetSetTimeout
                0x33f817bc                NetSetIP
                0x33f818dc                NetSetEther
                0x33f819c4                NetSendPacket
                0x33f819c8                NetReceive
                0x33f81fdc                ArpRequest
                0x33f820e0                PingSend
                0x33f82290                NetSendUDPPacket
                0x33f823ec                NetStartAgain
                0x33f824f4                ArpTimeoutCheck
                0x33f82578                NetLoop
 .text          0x33f82980      0xfd4 net/libnet.a(nfs.o)
                0x33f83254                NfsStart
 .text          0x33f83954      0x1a0 net/libnet.a(rarp.o)
                0x33f83954                RarpRequest
 .text          0x33f83af4      0x7c8 net/libnet.a(tftp.o)
                0x33f83c94                TftpStart
 .text          0x33f842bc      0x9cc net/libnet.a(bootp.o)
                0x33f84a70                BootpRequest
                0x33f84c3c                DhcpRequest
 .text          0x33f84c88      0x678 drivers/i2c/libi2c.a(s3c24x0_i2c.o)
                0x33f84fec                i2c_write
                0x33f8508c                i2c_read
                0x33f85134                i2c_probe
                0x33f85170                i2c_init
 .text          0x33f85300       0xb8 drivers/mtd/nand/libnand.a(nand.o)
                0x33f85300                nand_init
 .text          0x33f853b8     0x3c9c drivers/mtd/nand/libnand.a(nand_base.o)
                0x33f866b8                nand_release
                0x33f86700                nand_scan_tail
                0x33f86f00                nand_scan_ident
                0x33f874ac                nand_scan
                0x33f87f98                nand_erase_nand
                0x33f8845c                nand_wait_ready
 .text          0x33f89054     0x1890 drivers/mtd/nand/libnand.a(nand_bbt.o)
                0x33f8909c                nand_isbad_bbt
                0x33f8a0d4                nand_update_bbt
                0x33f8a3a8                nand_scan_bbt
                0x33f8a820                nand_default_bbt
 .text          0x33f8a8e4      0x214 drivers/mtd/nand/libnand.a(nand_ecc.o)
                0x33f8a8e4                nand_calculate_ecc
                0x33f8a9d8                nand_correct_data
 .text          0x33f8aaf8        0x0 drivers/mtd/nand/libnand.a(nand_ids.o)
 .text          0x33f8aaf8       0xfc drivers/mtd/nand/libnand.a(s3c2410_nand.o)
                0x33f8ab80                board_nand_init
 .text          0x33f8abf4      0x154 drivers/serial/libserial.a(serial_s3c24x0.o)
                0x33f8abf4                _serial_getc
                0x33f8ac14                serial_getc
                0x33f8ac38                serial_putc
                0x33f8ac40                _serial_putc
                0x33f8ac6c                _serial_tstc
                0x33f8ac80                serial_tstc
                0x33f8ac94                _serial_puts
                0x33f8acc4                serial_puts
                0x33f8accc                _serial_setbrg
                0x33f8acf8                serial_init
                0x33f8ad40                serial_setbrg
 .text          0x33f8ad48      0x3ac drivers/usb/slave/libusb_slave.a(usbinit.o)
                0x33f8ad48                udc_disconnect
                0x33f8ad60                HaltDabort
                0x33f8ad74                HaltPabort
                0x33f8ad88                HaltSwi
                0x33f8ad9c                HaltUndef
                0x33f8adb0                usb_init_slave
                0x33f8ae24                awaitkey
                0x33f8ae94                usb_receive
 .text          0x33f8b0f4      0x2ec drivers/usb/slave/libusb_slave.a(interrupt.o)
                0x33f8b0f4                ClearPending_my
                0x33f8b108                Timer_InitEx
                0x33f8b168                IsrWatchdog
                0x33f8b1a4                IsrTimer4
                0x33f8b1cc                Isr_Init
                0x33f8b274                IRQ_Handle
                0x33f8b2d0                Dummy_isr
                0x33f8b2f8                Timer_StopEx
                0x33f8b37c                Timer_StartEx
 .text          0x33f8b3e0      0x368 drivers/usb/slave/libusb_slave.a(usblib.o)
                0x33f8b3e0                ReconfigUsbd
                0x33f8b504                ConfigUsbd
                0x33f8b524                RdPktEp0
                0x33f8b54c                WrPktEp0
                0x33f8b574                WrPktEp1
                0x33f8b59c                WrPktEp2
                0x33f8b5c4                RdPktEp3
                0x33f8b5ec                RdPktEp4
                0x33f8b614                ConfigEp3DmaMode
                0x33f8b6f4                ConfigEp3IntMode
 .text          0x33f8b748      0x12c drivers/usb/slave/libusb_slave.a(usbmain.o)
                0x33f8b748                _WrDbgStrFifo
                0x33f8b778                DbgPrintf
                0x33f8b784                IsrUsbd
                0x33f8b860                UsbdMain
 .text          0x33f8b874      0x3c4 drivers/usb/slave/libusb_slave.a(usbout.o)
                0x33f8b874                ClearEp3OutPktReady
                0x33f8b89c                IsrDma2
                0x33f8ba24                Ep3Handler
 .text          0x33f8bc38      0x9e8 drivers/usb/slave/libusb_slave.a(usbsetup.o)
                0x33f8bc38                InitDescriptorTable
                0x33f8bd5c                Ep0Handler
 .text          0x33f8c620       0xb4 drivers/usb/slave/libusb_slave.a(usbin.o)
                0x33f8c620                PrepareEp1Fifo
                0x33f8c690                Ep1Handler
 .text          0x33f8c6d4       0xf0 common/libcommon.a(cmd_bdinfo.o)
                0x33f8c6d4                do_bdinfo
 .text          0x33f8c7c4      0x2c0 common/libcommon.a(cmd_bmp.o)
                0x33f8c7c4                gunzip_bmp
                0x33f8c868                do_bmp
 .text          0x33f8ca84       0x94 common/libcommon.a(cmd_boot.o)
                0x33f8ca84                do_go_exec
                0x33f8caa0                do_go
 .text          0x33f8cb18      0xda8 common/libcommon.a(cmd_bootm.o)
                0x33f8cb18                arch_preboot_os
                0x33f8cb18                __arch_preboot_os
                0x33f8ccb4                do_iminfo
                0x33f8cd14                do_bootd
                0x33f8d478                do_bootm_subcommand
                0x33f8d630                do_bootm
 .text          0x33f8d8c0      0x12c common/libcommon.a(cmd_cache.o)
                0x33f8d8fc                do_dcache
                0x33f8d974                do_icache
 .text          0x33f8d9ec       0xd4 common/libcommon.a(cmd_console.o)
                0x33f8d9ec                do_coninfo
 .text          0x33f8dac0      0x3a8 common/libcommon.a(cmd_date.o)
                0x33f8dac0                mk_date
                0x33f8dd48                do_date
 .text          0x33f8de68       0x80 common/libcommon.a(cmd_echo.o)
                0x33f8de68                do_echo
 .text          0x33f8dee8      0x21c common/libcommon.a(cmd_eeprom.o)
                0x33f8dee8                eeprom_init
                0x33f8def8                eeprom_probe
                0x33f8df04                eeprom_write
                0x33f8df7c                eeprom_read
                0x33f8dff0                do_eeprom
 .text          0x33f8e104      0x450 common/libcommon.a(cmd_elf.o)
                0x33f8e104                load_elf_image
                0x33f8e19c                valid_elf_image
                0x33f8e1f0                do_bootvx
                0x33f8e47c                do_bootelf_exec
                0x33f8e4bc                do_bootelf
 .text          0x33f8e554       0x30 common/libcommon.a(cmd_exit.o)
                0x33f8e554                do_exit
 .text          0x33f8e584      0x360 common/libcommon.a(cmd_fat.o)
                0x33f8e584                do_fat_fsinfo
                0x33f8e65c                do_fat_ls
                0x33f8e760                do_fat_fsload
 .text          0x33f8e8e4      0xb28 common/libcommon.a(cmd_flash.o)
                0x33f8e8e4                flash_sect_roundb
                0x33f8eb80                flash_sect_protect
                0x33f8ee80                do_protect
                0x33f8f11c                flash_sect_erase
                0x33f8f1fc                do_flerase
                0x33f8f390                do_flinfo
 .text          0x33f8f40c       0x48 common/libcommon.a(cmd_help.o)
                0x33f8f40c                do_help
 .text          0x33f8f454      0xaa0 common/libcommon.a(cmd_i2c.o)
                0x33f8f454                __def_i2c_get_bus_speed
                0x33f8f454                i2c_get_bus_speed
                0x33f8f460                __def_i2c_set_bus_speed
                0x33f8f460                i2c_set_bus_speed
                0x33f8f478                do_i2c_bus_speed
                0x33f8f734                do_i2c_loop
                0x33f8f844                do_i2c_mw
                0x33f8f96c                do_i2c_probe
                0x33f8f9b8                do_i2c_md
                0x33f8fb98                do_i2c_crc
                0x33f8fce4                do_i2c
 .text          0x33f8fef4      0x310 common/libcommon.a(cmd_itest.o)
                0x33f8ff60                binary_test
                0x33f90168                do_itest
 .text          0x33f90204      0x618 common/libcommon.a(cmd_jffs2.o)
                0x33f90298                mtdparts_init
                0x33f90630                do_jffs2_fsinfo
                0x33f9068c                do_jffs2_ls
                0x33f906e4                do_jffs2_fsload
 .text          0x33f9081c      0xf6c common/libcommon.a(cmd_load.o)
                0x33f9081c                ktrans
                0x33f9083c                chk1
                0x33f908a4                k_data_init
                0x33f908c4                k_data_save
                0x33f908e8                k_data_restore
                0x33f9090c                k_data_char
                0x33f90984                send_pad
                0x33f909b4                s1_sendpacket
                0x33f909e0                handle_send_packet
                0x33f90bdc                send_nack
                0x33f90c54                send_ack
                0x33f90f54                do_load_serial_bin
                0x33f916ac                do_load_serial
 .text          0x33f91788      0xaa4 common/libcommon.a(cmd_mem.o)
                0x33f91788                do_unzip
                0x33f91808                do_mem_crc
                0x33f918b4                do_mem_base
                0x33f918f8                do_mem_mtest
                0x33f91aa0                do_mem_loop
                0x33f91b98                do_mem_cmp
                0x33f91d28                do_mem_mw
                0x33f91de4                do_mem_cp
                0x33f92118                do_mem_nm
                0x33f92138                do_mem_mm
                0x33f92158                do_mem_md
 .text          0x33f9222c       0x84 common/libcommon.a(cmd_misc.o)
                0x33f9222c                do_sleep
 .text          0x33f922b0      0x13c common/libcommon.a(cmd_mmc.o)
                0x33f922b0                do_mmc
 .text          0x33f923ec      0xf30 common/libcommon.a(cmd_nand.o)
                0x33f92584                do_nandboot
                0x33f92af4                do_nand
 .text          0x33f9331c      0x3b8 common/libcommon.a(cmd_net.o)
                0x33f9331c                do_ping
                0x33f93698                do_nfs
                0x33f936a4                do_dhcp
                0x33f936b0                do_rarpb
                0x33f936bc                do_tftpb
                0x33f936c8                do_bootp
 .text          0x33f936d4      0x98c common/libcommon.a(cmd_nvedit.o)
                0x33f936d4                get_env_id
                0x33f936e4                envmatch
                0x33f93744                getenv_r
                0x33f937ec                do_saveenv
                0x33f93818                getenv
                0x33f93888                _do_setenv
                0x33f93cb4                do_askenv
                0x33f93e18                do_setenv
                0x33f93e44                setenv
                0x33f93e90                do_editenv
                0x33f93fd0                do_printenv
 .text          0x33f94060        0x8 common/libcommon.a(cmd_reginfo.o)
                0x33f94060                do_reginfo
 .text          0x33f94068      0x198 common/libcommon.a(cmd_source.o)
                0x33f94068                source
                0x33f941b8                do_source
 .text          0x33f94200      0x478 common/libcommon.a(cmd_test.o)
                0x33f94200                do_false
                0x33f94208                do_true
                0x33f94210                do_test
 .text          0x33f94678     0x1124 common/libcommon.a(cmd_usb.o)
                0x33f94678                usb_get_class_desc
                0x33f94718                usb_display_ep_desc
                0x33f947d4                usb_display_class_sub
                0x33f94950                do_usbboot
                0x33f94cf0                usb_show_tree_graph
                0x33f94f10                usb_show_tree
                0x33f94f44                usb_display_desc
                0x33f95074                usb_display_string
                0x33f950b0                usb_display_if_desc
                0x33f95138                usb_display_conf_desc
                0x33f951e4                usb_display_config
                0x33f95270                do_usb
 .text          0x33f9579c      0x14c common/libcommon.a(cmd_usbslave.o)
                0x33f9579c                do_usbslave
 .text          0x33f958e8       0x20 common/libcommon.a(cmd_version.o)
                0x33f958e8                do_version
 .text          0x33f95908      0x2dc common/libcommon.a(cmd_ximg.o)
                0x33f95908                do_imgextract
 .text          0x33f95be4      0x844 common/libcommon.a(command.o)
                0x33f95be4                cmd_get_data_size
                0x33f95c34                cmd_usage
                0x33f95c94                var_complete
                0x33f95d14                find_cmd_tbl
                0x33f95da8                find_cmd
                0x33f95dd0                install_auto_complete
                0x33f95e24                _do_help
                0x33f95f9c                cmd_auto_complete
 .text          0x33f96428      0x5b4 common/libcommon.a(console.o)
                0x33f964cc                fgetc
                0x33f964f4                ftstc
                0x33f9651c                fputc
                0x33f96548                fputs
                0x33f96574                disable_ctrlc
                0x33f9658c                had_ctrlc
                0x33f9659c                clear_ctrlc
                0x33f965b0                dbg
                0x33f965bc                console_init_f
                0x33f965cc                getc
                0x33f965e4                tstc
                0x33f965fc                ctrlc
                0x33f96648                putc
                0x33f96664                puts
                0x33f96680                search_device
                0x33f966a8                console_assign
                0x33f966e8                vprintf
                0x33f96714                printf
                0x33f96754                stdio_print_current_devices
                0x33f9680c                console_init_r
                0x33f96954                fprintf
                0x33f9699c                serial_printf
 .text          0x33f969dc     0x10f8 common/libcommon.a(dlmalloc.o)
                0x33f969dc                sbrk
                0x33f96a14                malloc_trim
                0x33f96b24                free
                0x33f96d48                cfree
                0x33f96d4c                malloc
                0x33f97374                memalign
                0x33f97484                pvalloc
                0x33f9749c                valloc
                0x33f974a8                malloc_usable_size
                0x33f974ec                mallopt
                0x33f97564                calloc
                0x33f97644                mem_malloc_init
                0x33f9766c                realloc
 .text          0x33f97ad4      0x29c common/libcommon.a(env_common.o)
                0x33f97ad4                env_get_char_memory
                0x33f97af8                env_get_addr
                0x33f97b1c                env_get_char
                0x33f97b64                env_complete
                0x33f97ca4                env_crc_update
                0x33f97cd0                set_default_env
                0x33f97d18                env_relocate
 .text          0x33f97d70      0x294 common/libcommon.a(env_nand.o)
                0x33f97d70                env_get_char_spec
                0x33f97d7c                env_init
                0x33f97d98                writeenv
                0x33f97e4c                readenv
                0x33f97f18                env_relocate_spec
                0x33f97f64                saveenv
 .text          0x33f98004      0x1f4 common/libcommon.a(exports.o)
                0x33f98008                get_version
                0x33f98010                jumptable_init
 .text          0x33f981f8      0x3c0 common/libcommon.a(flash.o)
                0x33f981f8                flash_protect
                0x33f982ec                addr2info
                0x33f98334                flash_perror
                0x33f983f8                flash_write
 .text          0x33f985b8     0x1e2c common/libcommon.a(hush.o)
                0x33f985b8                simple_itoa
                0x33f98640                mapset
                0x33f9866c                do_showvar
                0x33f98758                u_boot_hush_start
                0x33f987c8                new_pipe
                0x33f98a80                unset_local_var
                0x33f98c44                reserved_word
                0x33f991b4                set_local_var
                0x33f99364                update_ifs_map
                0x33f99a6c                parse_file_outer
                0x33f99ab0                parse_string_outer
 .text          0x33f9a3e4      0x970 common/libcommon.a(image.o)
                0x33f9a3e4                image_multi_count
                0x33f9a408                get_table_entry_name
                0x33f9a434                genimg_get_os_name
                0x33f9a46c                genimg_get_arch_name
                0x33f9a4a4                genimg_get_type_name
                0x33f9a4dc                genimg_get_comp_name
                0x33f9a514                genimg_get_image
                0x33f9a518                genimg_has_config
                0x33f9a520                get_table_entry_id
                0x33f9a56c                genimg_get_comp_id
                0x33f9a584                genimg_get_type_id
                0x33f9a59c                genimg_get_arch_id
                0x33f9a5b4                genimg_get_os_id
                0x33f9a5cc                genimg_get_format
                0x33f9a620                image_multi_getimg
                0x33f9a6c8                genimg_print_size
                0x33f9a6f4                memmove_wd
                0x33f9a6f8                getenv_bootm_low
                0x33f9a72c                getenv_yesno
                0x33f9a750                getenv_bootm_size
                0x33f9a784                image_print_contents
                0x33f9aa2c                image_check_dcrc
                0x33f9aa78                image_check_hcrc
                0x33f9aae0                boot_get_ramdisk
 .text          0x33f9ad54     0x10bc common/libcommon.a(main.o)
                0x33f9ad54                __show_boot_progress
                0x33f9ad54                show_boot_progress
                0x33f9ad58                parse_line
                0x33f9ade4                do_run
                0x33f9ae54                run_command
                0x33f9b3e8                readline_into_buffer
                0x33f9bcfc                readline
                0x33f9bd18                main_loop
 .text          0x33f9be10      0x2f4 common/libcommon.a(s_record.o)
                0x33f9be90                srec_decode
 .text          0x33f9c104      0x1e8 common/libcommon.a(stdio.o)
                0x33f9c104                nulldev_putc
                0x33f9c108                nulldev_puts
                0x33f9c10c                nulldev_input
                0x33f9c114                stdio_get_list
                0x33f9c120                stdio_clone
                0x33f9c168                stdio_register
                0x33f9c1a8                stdio_init
                0x33f9c2a0                stdio_get_by_name
 .text          0x33f9c2ec     0x1644 common/libcommon.a(usb.o)
                0x33f9c2ec                usb_disable_asynch
                0x33f9c304                usb_maxpacket
                0x33f9c398                usb_set_maxpacket
                0x33f9c3fc                usb_get_dev_index
                0x33f9c42c                usb_hub_reset
                0x33f9c440                usb_hub_allocate
                0x33f9c484                usb_alloc_new_device
                0x33f9c524                usb_parse_config
                0x33f9c674                usb_submit_int_msg
                0x33f9c678                usb_stop
                0x33f9c6ac                wait_ms
                0x33f9c6d0                usb_bulk_msg
                0x33f9c734                usb_control_msg
                0x33f9c804                usb_get_port_status
                0x33f9c864                usb_get_hub_status
                0x33f9c8b8                usb_set_port_feature
                0x33f9c918                usb_clear_port_feature
                0x33f9c978                usb_clear_hub_feature
                0x33f9c9cc                usb_get_hub_descriptor
                0x33f9ca2c                usb_get_string
                0x33f9cba8                usb_string
                0x33f9cca8                usb_get_class_descriptor
                0x33f9cd1c                usb_get_report
                0x33f9cd90                usb_set_idle
                0x33f9cdf4                usb_set_protocol
                0x33f9ce54                usb_set_configuration
                0x33f9cec0                usb_set_interface
                0x33f9cf80                usb_set_address
                0x33f9cfc4                usb_get_descriptor
                0x33f9d030                usb_get_configuration_no
                0x33f9d0c8                usb_clear_halt
                0x33f9d25c                usb_hub_port_connect_change
                0x33f9d348                usb_hub_configure
                0x33f9d550                usb_hub_probe
                0x33f9d5ac                usb_new_device
                0x33f9d83c                usb_scan_devices
                0x33f9d8b4                usb_init
 .text          0x33f9d930     0x155c common/libcommon.a(usb_storage.o)
                0x33f9d930                usb_stor_get_dev
                0x33f9d96c                usb_show_progress
                0x33f9d978                usb_storage_probe
                0x33f9dba8                usb_stor_BBB_clear_endpt_stall
                0x33f9ddc8                usb_stor_CB_comdat
                0x33f9e014                usb_stor_BBB_comdat
                0x33f9e100                usb_stor_BBB_transport
                0x33f9e2c8                usb_stor_CBI_get_status
                0x33f9e3a8                usb_stor_CB_transport
                0x33f9e594                usb_stor_info
                0x33f9e6ec                usb_stor_get_info
                0x33f9e964                usb_stor_scan
                0x33f9eabc                usb_stor_read
                0x33f9eca4                usb_stor_write
 .text          0x33f9ee8c      0x978 common/libcommon.a(xyzModem.o)
                0x33f9ee8c                parse_num
                0x33f9efb8                xyzModem_error
                0x33f9efd8                xyzModem_stream_close
                0x33f9f028                CYGACC_COMM_IF_PUTC
                0x33f9f030                CYGACC_COMM_IF_GETC_TIMEOUT
                0x33f9f084                xyzModem_stream_terminate
                0x33f9f434                xyzModem_stream_read
                0x33f9f6b0                xyzModem_stream_open
 .text          0x33f9f804      0x1a8 board/tekkamanninja/mini2440/libmini2440.a(mini2440.o)
                0x33f9f804                board_video_init
                0x33f9f85c                dram_init
                0x33f9f87c                board_eth_init
                0x33f9f880                board_init
 .text          0x33f9f9ac      0x59c board/tekkamanninja/mini2440/libmini2440.a(flash.o)
                0x33f9fa4c                write_buff
                0x33f9fbbc                flash_print_info
                0x33f9fcf8                flash_erase
                0x33f9fea0                flash_init
 .text          0x33f9ff48       0x48 lib_generic/libgeneric.a(crc16.o)
                0x33f9ff48                cyg_crc16
 .text          0x33f9ff90      0x104 lib_generic/libgeneric.a(crc32.o)
                0x33f9ff90                crc32_no_comp
                0x33fa007c                crc32
                0x33fa0090                crc32_wd
 .text          0x33fa0094        0x0 lib_generic/libgeneric.a(ctype.o)
 .text          0x33fa0094      0x254 lib_generic/libgeneric.a(display_options.o)
                0x33fa0094                print_size
                0x33fa0158                display_options
                0x33fa0178                print_buffer
 .text          0x33fa02e8      0x1bc lib_generic/libgeneric.a(gunzip.o)
                0x33fa02e8                zunzip
                0x33fa03d8                gunzip
                0x33fa048c                zfree
                0x33fa0494                zalloc
 .text          0x33fa04a4       0x7c lib_generic/libgeneric.a(net_utils.o)
                0x33fa04a4                string_to_ip
 .text          0x33fa0520      0x6bc lib_generic/libgeneric.a(string.o)
                0x33fa0520                strcpy
                0x33fa053c                strncpy
                0x33fa0564                strcat
                0x33fa0594                strncat
                0x33fa05f0                strcmp
                0x33fa0620                strncmp
                0x33fa0668                strchr
                0x33fa0694                strrchr
                0x33fa06d0                strlen
                0x33fa06f0                strnlen
                0x33fa0718                strspn
                0x33fa075c                strpbrk
                0x33fa0794                strtok
                0x33fa0860                strsep
                0x33fa08c4                strswab
                0x33fa090c                memset
                0x33fa0980                bcopy
                0x33fa09a8                memcpy
                0x33fa0a14                memmove
                0x33fa0a70                memcmp
                0x33fa0aa8                memscan
                0x33fa0ad8                strstr
                0x33fa0b58                memchr
                0x33fa0b84                strdup
 .text          0x33fa0bdc       0x30 lib_generic/libgeneric.a(time.o)
                0x33fa0bdc                udelay
 .text          0x33fa0c0c      0xdf4 lib_generic/libgeneric.a(vsprintf.o)
                0x33fa0c0c                simple_strtoul
                0x33fa0cbc                simple_strtol
                0x33fa0ce4                ustrtoul
                0x33fa0d50                simple_strtoull
                0x33fa0f08                panic
                0x33fa1380                vsprintf
                0x33fa19d8                sprintf
 .text          0x33fa1a00     0x27a0 lib_generic/libgeneric.a(zlib.o)
                0x33fa1a00                inflate_fast
                0x33fa1f5c                inflate_table
                0x33fa2508                inflateReset
                0x33fa25a8                inflateInit2_
                0x33fa26a8                inflateInit_
                0x33fa26b8                inflateEnd
                0x33fa273c                adler32
                0x33fa2a4c                zcfree
                0x33fa2a54                zcalloc
                0x33fa2a5c                inflate
 .text          0x33fa41a0       0xf8 lib_generic/libgeneric.a(div64.o)
                0x33fa41a0                __div64_32
 .text          0x33fa4298       0x18 cpu/arm920t/s3c24x0/libs3c24x0.a(interrupts.o)
                0x33fa4298                do_irq
                0x33fa42a8                arch_interrupt_init
 .text          0x33fa42b0      0x174 cpu/arm920t/s3c24x0/libs3c24x0.a(speed.o)
                0x33fa4334                get_UCLK
                0x33fa433c                get_FCLK
                0x33fa4344                get_HCLK
                0x33fa43f8                get_PCLK
 .text          0x33fa4424      0x388 cpu/arm920t/s3c24x0/libs3c24x0.a(timer.o)
                0x33fa4424                reset_timer
                0x33fa4450                set_timer
                0x33fa4460                __udelay
                0x33fa4514                reset_timer_masked
                0x33fa4540                get_timer_masked
                0x33fa45a8                get_timer
                0x33fa45bc                udelay_masked
                0x33fa46a0                get_ticks
                0x33fa46f4                get_tbclk
                0x33fa46fc                reset_cpu
                0x33fa4724                timer_init
 .text          0x33fa47ac     0x1690 cpu/arm920t/s3c24x0/libs3c24x0.a(usb_ohci.o)
                0x33fa47ac                rh_check_port_status
                0x33fa4858                submit_int_msg
                0x33fa4918                usb_lowlevel_init
                0x33fa4b74                usb_lowlevel_stop
                0x33fa4c34                sohci_submit_job
                0x33fa5224                submit_common_msg
                0x33fa577c                submit_bulk_msg
                0x33fa5794                submit_control_msg
 .text          0x33fa5e3c      0xaa4 cpu/arm920t/s3c24x0/libs3c24x0.a(mmc.o)
                0x33fa5e3c                mmc_get_dev
                0x33fa5e48                mmc_ident
                0x33fa5e50                mmc2info
                0x33fa5f3c                mmc_init
                0x33fa66e0                mmc_read
                0x33fa67e4                mmc_bread
                0x33fa6808                mmc_write
 .text          0x33fa68e0      0x1cc lib_arm/libarm.a(bootm.o)
                0x33fa68e0                do_bootm_linux
 .text          0x33fa6aac        0x4 lib_arm/libarm.a(cache.o)
                0x33fa6aac                flush_cache
 .text          0x33fa6ab0      0x120 lib_arm/libarm.a(cache-cp15.o)
                0x33fa6ab0                icache_enable
                0x33fa6af0                icache_disable
                0x33fa6b30                icache_status
                0x33fa6b40                dcache_enable
                0x33fa6b80                dcache_disable
                0x33fa6bc0                dcache_status
 .text          0x33fa6bd0       0x30 lib_arm/libarm.a(reset.o)
                0x33fa6bd0                do_reset
 .text          0x33fa6c00     0x13b0 fs/fat/libfat.a(fat.o)
                0x33fa6c00                disk_read
                0x33fa72d0                file_fat_detectfs
                0x33fa7430                do_fat_read
                0x33fa7e78                file_fat_read
                0x33fa7eb0                file_fat_ls
                0x33fa7ec0                fat_register_device
 .text          0x33fa7fb0     0x1c80 fs/jffs2/libjffs2.a(jffs2_1pass.o)
                0x33fa7fb0                mkmodestr
                0x33fa81ac                jffs2_free_cache
                0x33fa8478                jffs2_1pass_rescan_needed
                0x33fa8aec                jffs2_1pass_info
                0x33fa8fd4                jffs2_1pass_load
                0x33fa9be8                jffs2_1pass_ls
 .text          0x33fa9c30       0xc8 fs/jffs2/libjffs2.a(compr_rtime.o)
                0x33fa9c30                rtime_decompress
 .text          0x33fa9cf8      0x124 fs/jffs2/libjffs2.a(compr_rubin.o)
                0x33fa9cf8                rubin_do_decompress
                0x33fa9de0                dynrubin_decompress
 .text          0x33fa9e1c       0x18 fs/jffs2/libjffs2.a(compr_zlib.o)
                0x33fa9e1c                zlib_decompress
 .text          0x33fa9e34      0xd50 fs/jffs2/libjffs2.a(mini_inflate.o)
                0x33fa9e34                cramfs_memset
                0x33fa9e58                pull_bits
                0x33fa9eb0                pull_bit
                0x33faa2b4                decompress_block
 .text          0x33faab84      0x380 disk/libdisk.a(part.o)
                0x33faab84                dev_print
                0x33faad84                get_partition_info
                0x33faada8                init_part
                0x33faadc4                get_dev
                0x33faae28                print_part
 .text          0x33faaf04      0x558 disk/libdisk.a(part_dos.o)
                0x33faaf04                test_part_dos
                0x33fab1e4                get_partition_info_dos
                0x33fab430                print_part_dos
 .text          0x33fab45c      0x828 drivers/mtd/nand/libnand.a(nand_util.o)
                0x33fab4f4                nand_read_skip_bad
                0x33fab6b4                nand_write_skip_bad
                0x33fab958                nand_erase_opts
 .text          0x33fabc84      0x910 drivers/net/libnet.a(dm9000x.o)
                0x33fabe30                dm9000_initialize
 .text          0x33fac594      0x29c drivers/rtc/librtc.a(date.o)
                0x33fac594                GregorianDay
                0x33fac684                to_tm
                0x33fac798                mktime
 .text          0x33fac830      0x2e0 drivers/rtc/librtc.a(s3c24x0_rtc.o)
                0x33fac85c                rtc_get
                0x33faca20                rtc_set
                0x33facae8                rtc_reset
 .text          0x33facb10     0x1714 drivers/video/libvideo.a(cfb_console.o)
                0x33fad19c                video_putc
                0x33fad3a8                __board_video_skip
                0x33fad3a8                board_video_skip
                0x33fad3b0                video_puts
                0x33fad3e0                logo_plot
                0x33fad5d8                video_display_bitmap
                0x33fadf6c                drv_video_init
 .text          0x33fae224      0x254 drivers/video/libvideo.a(s3c2410_fb.o)
                0x33fae224                video_set_lut
                0x33fae228                video_hw_init
 .text          0x33fae478      0x480 drivers/video/libvideo.a(videomodes.o)
                0x33fae478                video_get_params
 .text          0x33fae8f8       0x20 cpu/arm920t/libarm920t.a(cpu.o)
                0x33fae8f8                cleanup_before_linux
 .text          0x33fae918       0x1c /home/shihyu/mini2440/u-boot-2010.03-tekkaman/lib_arm/eabi_compat.o
                0x33fae918                raise
 .text          0x33fae934      0x114 /home/shihyu/mini2440/opt/FriendlyARM/toolschain/4.4.3/bin/../lib/gcc/arm-none-linux-gnueabi/4.4.3/libgcc.a(_udivsi3.o)
                0x33fae934                __udivsi3
                0x33fae934                __aeabi_uidiv
                0x33faea30                __aeabi_uidivmod
 .text          0x33faea48      0x144 /home/shihyu/mini2440/opt/FriendlyARM/toolschain/4.4.3/bin/../lib/gcc/arm-none-linux-gnueabi/4.4.3/libgcc.a(_divsi3.o)
                0x33faea48                __aeabi_idiv
                0x33faea48                __divsi3
                0x33faeb74                __aeabi_idivmod
 .text          0x33faeb8c       0x1c /home/shihyu/mini2440/opt/FriendlyARM/toolschain/4.4.3/bin/../lib/gcc/arm-none-linux-gnueabi/4.4.3/libgcc.a(_lshrdi3.o)
                0x33faeb8c                __aeabi_llsr
                0x33faeb8c                __lshrdi3
 .text          0x33faeba8       0x1c /home/shihyu/mini2440/opt/FriendlyARM/toolschain/4.4.3/bin/../lib/gcc/arm-none-linux-gnueabi/4.4.3/libgcc.a(_ashrdi3.o)
                0x33faeba8                __ashrdi3
                0x33faeba8                __aeabi_lasr
 .text          0x33faebc4       0x1c /home/shihyu/mini2440/opt/FriendlyARM/toolschain/4.4.3/bin/../lib/gcc/arm-none-linux-gnueabi/4.4.3/libgcc.a(_ashldi3.o)
                0x33faebc4                __ashldi3
                0x33faebc4                __aeabi_llsl
 .text          0x33faebe0       0x14 /home/shihyu/mini2440/opt/FriendlyARM/toolschain/4.4.3/bin/../lib/gcc/arm-none-linux-gnueabi/4.4.3/libgcc.a(_dvmd_lnx.o)
                0x33faebe0                __div0

.glue_7         0x33faebf4        0x0
 .glue_7        0x00000000        0x0 linker stubs

.glue_7t        0x33faebf4        0x0
 .glue_7t       0x00000000        0x0 linker stubs

.vfp11_veneer   0x33faebf4        0x0
 .vfp11_veneer  0x00000000        0x0 linker stubs

.v4_bx          0x33faebf4        0x0
 .v4_bx         0x00000000        0x0 linker stubs
                0x33faebf4                . = ALIGN (0x4)

.rodata         0x33faebf4     0x9dc3
 *(SORT(.rodata*))
 .rodata        0x33faebf4       0x2c lib_arm/libarm.a(board.o)
                0x33faebf4                version_string
 .rodata        0x33faec20       0x80 lib_arm/libarm.a(interrupts.o)
 .rodata        0x33faeca0        0x8 drivers/mtd/nand/libnand.a(nand.o)
 .rodata        0x33faeca8       0x5c drivers/mtd/nand/libnand.a(nand_base.o)
 .rodata        0x33faed04      0x100 drivers/mtd/nand/libnand.a(nand_ecc.o)
 .rodata        0x33faee04       0x4c drivers/usb/slave/libusb_slave.a(usbsetup.o)
 .rodata        0x33faee50       0x4c common/libcommon.a(cmd_bootm.o)
 .rodata        0x33faee9c       0x20 common/libcommon.a(cmd_jffs2.o)
 .rodata        0x33faeebc       0x58 common/libcommon.a(command.o)
 .rodata        0x33faef14        0x8 common/libcommon.a(usb_storage.o)
 .rodata        0x33faef1c       0x20 common/libcommon.a(xyzModem.o)
 .rodata        0x33faef3c      0x200 lib_generic/libgeneric.a(crc16.o)
 .rodata        0x33faf13c      0x400 lib_generic/libgeneric.a(crc32.o)
 .rodata        0x33faf53c       0x24 lib_generic/libgeneric.a(vsprintf.o)
                0x33faf54c                hex_asc
 .rodata        0x33faf560      0x9d0 lib_generic/libgeneric.a(zlib.o)
                0x33faff08                z_errmsg
 .rodata        0x33faff30       0x40 cpu/arm920t/s3c24x0/libs3c24x0.a(usb_ohci.o)
 .rodata        0x33faff70       0xc4 fs/jffs2/libjffs2.a(jffs2_1pass.o)
 .rodata        0x33fb0034       0x14 fs/jffs2/libjffs2.a(mini_inflate.o)
 .rodata        0x33fb0048       0x18 disk/libdisk.a(part.o)
 .rodata        0x33fb0060       0x30 drivers/rtc/librtc.a(date.o)
 .rodata        0x33fb0090      0x220 drivers/video/libvideo.a(cfb_console.o)
 .rodata        0x33fb02b0      0x224 drivers/video/libvideo.a(videomodes.o)
                0x33fb02b0                res_mode_init
                0x33fb03e4                vesa_modes
 .rodata        0x33fb04d4        0x7 net/libnet.a(eth.o)
 .rodata        0x33fb04db        0x7 net/libnet.a(net.o)
 .rodata.str1.1
                0x33fb04e2      0x117 lib_arm/libarm.a(board.o)
                                0x11d (size before relaxing)
 .rodata.str1.1
                0x33fb05f9      0x264 lib_arm/libarm.a(interrupts.o)
                                0x268 (size before relaxing)
 .rodata.str1.1
                0x33fb085d       0xad net/libnet.a(eth.o)
                                 0xc7 (size before relaxing)
 .rodata.str1.1
                0x33fb090a      0x20c net/libnet.a(net.o)
                                0x217 (size before relaxing)
 .rodata.str1.1
                0x33fb0b16      0x193 net/libnet.a(nfs.o)
                                0x1a9 (size before relaxing)
 .rodata.str1.1
                0x33fb0ca9       0x20 net/libnet.a(rarp.o)
                                 0x47 (size before relaxing)
 .rodata.str1.1
                0x33fb0cc9      0x162 net/libnet.a(tftp.o)
                                0x249 (size before relaxing)
 .rodata.str1.1
                0x33fb0e2b      0x100 net/libnet.a(bootp.o)
                                0x13d (size before relaxing)
 .rodata.str1.1
                0x33fb0f2b       0x78 drivers/i2c/libi2c.a(s3c24x0_i2c.o)
 .rodata.str1.1
                0x33fb0fa3        0x8 drivers/mtd/nand/libnand.a(nand.o)
 .rodata.str1.1
                0x33fb0fab      0x2e3 drivers/mtd/nand/libnand.a(nand_base.o)
 .rodata.str1.1
                0x33fb128e      0x309 drivers/mtd/nand/libnand.a(nand_bbt.o)
 .rodata.str1.1
                0x33fb1597      0x31f drivers/mtd/nand/libnand.a(nand_ids.o)
                                0x335 (size before relaxing)
 .rodata.str1.1
                0x33fb18b6      0x181 drivers/usb/slave/libusb_slave.a(usbinit.o)
 .rodata.str1.1
                0x33fb1a37       0x36 drivers/usb/slave/libusb_slave.a(interrupt.o)
 .rodata.str1.1
                0x33fb1a6d       0x10 drivers/usb/slave/libusb_slave.a(usbout.o)
 .rodata.str1.1
                0x33fb1a7d       0xaa common/libcommon.a(cmd_bdinfo.o)
                                 0xb3 (size before relaxing)
 .rodata.str1.1
                0x33fb1b27      0x177 common/libcommon.a(cmd_bmp.o)
                                0x184 (size before relaxing)
 .rodata.str1.1
                0x33fb1c9e       0xef common/libcommon.a(cmd_boot.o)
                                 0xf0 (size before relaxing)
 .rodata.str1.1
                0x33fb1d8d      0x86b common/libcommon.a(cmd_bootm.o)
                                0x8c8 (size before relaxing)
 .rodata.str1.1
                0x33fb25f8       0xd9 common/libcommon.a(cmd_cache.o)
                                0x107 (size before relaxing)
 .rodata.str1.1
                0x33fb26d1       0x5c common/libcommon.a(cmd_console.o)
                                 0x61 (size before relaxing)
 .rodata.str1.1
                0x33fb272d      0x175 common/libcommon.a(cmd_date.o)
                                0x17b (size before relaxing)
 .rodata.str1.1
                0x33fb28a2       0x50 common/libcommon.a(cmd_echo.o)
                                 0x55 (size before relaxing)
 .rodata.str1.1
                0x33fb28f2       0xc1 common/libcommon.a(cmd_eeprom.o)
                                 0xc7 (size before relaxing)
 .rodata.str1.1
                0x33fb29b3      0x278 common/libcommon.a(cmd_elf.o)
                                0x29a (size before relaxing)
 .rodata.str1.1
                0x33fb2c2b       0x11 common/libcommon.a(cmd_exit.o)
                                 0x12 (size before relaxing)
 .rodata.str1.1
                0x33fb2c3c      0x396 common/libcommon.a(cmd_fat.o)
                                0x3a5 (size before relaxing)
 .rodata.str1.1
                0x33fb2fd2      0x723 common/libcommon.a(cmd_flash.o)
                                0x730 (size before relaxing)
 .rodata.str1.1
                0x33fb36f5       0x9a common/libcommon.a(cmd_help.o)
                                 0x9b (size before relaxing)
 .rodata.str1.1
                0x33fb378f      0x357 common/libcommon.a(cmd_i2c.o)
                                0x387 (size before relaxing)
 .rodata.str1.1
                0x33fb3ae6       0xb3 common/libcommon.a(cmd_itest.o)
                                 0xb5 (size before relaxing)
 .rodata.str1.1
                0x33fb3b99      0x2bd common/libcommon.a(cmd_jffs2.o)
                                0x325 (size before relaxing)
 .rodata.str1.1
                0x33fb3e56      0x3ae common/libcommon.a(cmd_load.o)
                                0x3c8 (size before relaxing)
 .rodata.str1.1
                0x33fb4204      0x4f2 common/libcommon.a(cmd_mem.o)
                                0x528 (size before relaxing)
 .rodata.str1.1
                0x33fb46f6       0x5f common/libcommon.a(cmd_misc.o)
 .rodata.str1.1
                0x33fb4755       0xc0 common/libcommon.a(cmd_mmc.o)
                                 0xc7 (size before relaxing)
 .rodata.str1.1
                0x33fb4815      0x821 common/libcommon.a(cmd_nand.o)
                                0x880 (size before relaxing)
 .rodata.str1.1
                0x33fb5036      0x1e1 common/libcommon.a(cmd_net.o)
                                0x223 (size before relaxing)
 .rodata.str1.1
                0x33fb5217      0x4db common/libcommon.a(cmd_nvedit.o)
                                0x541 (size before relaxing)
 .rodata.str1.1
                0x33fb56f2       0x23 common/libcommon.a(cmd_reginfo.o)
                                 0x24 (size before relaxing)
 .rodata.str1.1
                0x33fb5715      0x101 common/libcommon.a(cmd_source.o)
                                0x108 (size before relaxing)
 .rodata.str1.1
                0x33fb5816       0x6e common/libcommon.a(cmd_test.o)
                                 0x96 (size before relaxing)
 .rodata.str1.1
                0x33fb5884      0x82b common/libcommon.a(cmd_usb.o)
                                0x969 (size before relaxing)
 .rodata.str1.1
                0x33fb60af       0xa8 common/libcommon.a(cmd_usbslave.o)
                                 0xb4 (size before relaxing)
 .rodata.str1.1
                0x33fb6157       0x16 common/libcommon.a(cmd_version.o)
                                 0x24 (size before relaxing)
 .rodata.str1.1
                0x33fb616d      0x17e common/libcommon.a(cmd_ximg.o)
                                0x22f (size before relaxing)
 .rodata.str1.1
                0x33fb62eb       0xa9 common/libcommon.a(command.o)
                                 0xc9 (size before relaxing)
 .rodata.str1.1
                0x33fb6394       0x77 common/libcommon.a(console.o)
                                 0x8f (size before relaxing)
 .rodata.str1.1
                0x33fb640b       0x33 common/libcommon.a(env_common.o)
                                 0x37 (size before relaxing)
 .rodata.str1.1
                0x33fb643e       0x6e common/libcommon.a(env_nand.o)
                                 0x74 (size before relaxing)
 .rodata.str1.1
                0x33fb64ac       0xf7 common/libcommon.a(flash.o)
                                0x10c (size before relaxing)
 .rodata.str1.1
                0x33fb65a3      0x237 common/libcommon.a(hush.o)
                                0x276 (size before relaxing)
 .rodata.str1.1
                0x33fb67da      0x483 common/libcommon.a(image.o)
                                0x523 (size before relaxing)
 .rodata.str1.1
                0x33fb6c5d       0x6f common/libcommon.a(main.o)
                                 0xd6 (size before relaxing)
 .rodata.str1.1
                0x33fb6ccc        0x8 common/libcommon.a(stdio.o)
                                 0x23 (size before relaxing)
 .rodata.str1.1
                0x33fb6cd4      0x28b common/libcommon.a(usb.o)
 .rodata.str1.1
                0x33fb6f5f      0x1ed common/libcommon.a(usb_storage.o)
                                0x1ff (size before relaxing)
 .rodata.str1.1
                0x33fb714c       0xe3 common/libcommon.a(xyzModem.o)
                                 0xe5 (size before relaxing)
 .rodata.str1.1
                0x33fb722f       0xfd board/tekkamanninja/mini2440/libmini2440.a(flash.o)
                                0x105 (size before relaxing)
 .rodata.str1.1
                0x33fb732c       0x11 lib_generic/libgeneric.a(display_options.o)
                                 0x36 (size before relaxing)
 .rodata.str1.1
                0x33fb733d       0x85 lib_generic/libgeneric.a(gunzip.o)
 .rodata.str1.1
                0x33fb73c2        0xe lib_generic/libgeneric.a(vsprintf.o)
 .rodata.str1.1
                0x33fb73d0      0x21c lib_generic/libgeneric.a(zlib.o)
                                0x21d (size before relaxing)
 .rodata.str1.1
                0x33fb75ec      0x238 cpu/arm920t/s3c24x0/libs3c24x0.a(usb_ohci.o)
 .rodata.str1.1
                0x33fb7824      0x334 cpu/arm920t/s3c24x0/libs3c24x0.a(mmc.o)
                                0x343 (size before relaxing)
 .rodata.str1.1
                0x33fb7b58       0x42 lib_arm/libarm.a(bootm.o)
                                 0x4b (size before relaxing)
 .rodata.str1.1
                0x33fb7b9a        0xf lib_arm/libarm.a(reset.o)
 .rodata.str1.1
                0x33fb7ba9      0x15b fs/fat/libfat.a(fat.o)
                                0x16d (size before relaxing)
 .rodata.str1.1
                0x33fb7d04      0x3d4 fs/jffs2/libjffs2.a(jffs2_1pass.o)
                                0x3e7 (size before relaxing)
 .rodata.str1.1
                0x33fb80d8      0x1af disk/libdisk.a(part.o)
                                0x1e4 (size before relaxing)
 .rodata.str1.1
                0x33fb8287       0xe5 disk/libdisk.a(part_dos.o)
                                 0xf1 (size before relaxing)
 .rodata.str1.1
                0x33fb836c      0x2ba drivers/mtd/nand/libnand.a(nand_util.o)
                                0x2bc (size before relaxing)
 .rodata.str1.1
                0x33fb8626      0x1de drivers/net/libnet.a(dm9000x.o)
                                0x1e4 (size before relaxing)
 .rodata.str1.1
                0x33fb8804      0x103 drivers/video/libvideo.a(cfb_console.o)
                                0x16d (size before relaxing)
 .rodata.str1.1
                0x33fb8907       0x54 drivers/video/libvideo.a(s3c2410_fb.o)
                                 0x58 (size before relaxing)
 .rodata.str1.1
                0x33fb895b       0x41 drivers/video/libvideo.a(videomodes.o)
                                 0x4a (size before relaxing)
 .rodata.str1.1
                0x33fb899c       0x1b /home/shihyu/mini2440/u-boot-2010.03-tekkaman/lib_arm/eabi_compat.o
                0x33fb89b8                . = ALIGN (0x4)

.data           0x33fb89b8     0x6724
 *(.data)
 .data          0x33fb89b8        0x0 cpu/arm920t/start.o
 .data          0x33fb89b8        0x0 board/tekkamanninja/mini2440/lowlevel_init.o
 .data          0x33fb89b8        0x0 board/tekkamanninja/mini2440/nand_read.o
 .data          0x33fb89b8       0x30 lib_arm/libarm.a(board.o)
                0x33fb89b8                init_sequence
 .data          0x33fb89e8        0x0 lib_arm/libarm.a(interrupts.o)
 .data          0x33fb89e8        0x0 net/libnet.a(eth.o)
 .data          0x33fb89e8        0xc net/libnet.a(net.o)
                0x33fb89e8                NetOurVLAN
                0x33fb89ea                NetOurNativeVLAN
                0x33fb89ec                NetBcastAddr
 .data          0x33fb89f4        0x4 net/libnet.a(nfs.o)
 .data          0x33fb89f8        0x0 net/libnet.a(rarp.o)
 .data          0x33fb89f8       0x18 net/libnet.a(tftp.o)
                0x33fb8a04                TftpRRQTimeoutCountMax
                0x33fb8a0c                TftpRRQTimeoutMSecs
 .data          0x33fb8a10        0x0 net/libnet.a(bootp.o)
 .data          0x33fb8a10        0x0 drivers/i2c/libi2c.a(s3c24x0_i2c.o)
 .data          0x33fb8a10        0x4 drivers/mtd/nand/libnand.a(nand.o)
                0x33fb8a10                nand_curr_device
 .data          0x33fb8a14      0x920 drivers/mtd/nand/libnand.a(nand_base.o)
 .data          0x33fb9334      0x110 drivers/mtd/nand/libnand.a(nand_bbt.o)
 .data          0x33fb9444        0x0 drivers/mtd/nand/libnand.a(nand_ecc.o)
 .data          0x33fb9444      0x4a0 drivers/mtd/nand/libnand.a(nand_ids.o)
                0x33fb9444                nand_flash_ids
                0x33fb9894                nand_manuf_ids
 .data          0x33fb98e4        0x4 drivers/mtd/nand/libnand.a(s3c2410_nand.o)
                0x33fb98e4                IO_ADDR_W
 .data          0x33fb98e8        0x0 drivers/serial/libserial.a(serial_s3c24x0.o)
 .data          0x33fb98e8        0x0 drivers/usb/slave/libusb_slave.a(usbinit.o)
 .data          0x33fb98e8        0x0 drivers/usb/slave/libusb_slave.a(interrupt.o)
 .data          0x33fb98e8        0x0 drivers/usb/slave/libusb_slave.a(usblib.o)
 .data          0x33fb98e8        0x0 drivers/usb/slave/libusb_slave.a(usbmain.o)
 .data          0x33fb98e8        0x0 drivers/usb/slave/libusb_slave.a(usbout.o)
 .data          0x33fb98e8        0x2 drivers/usb/slave/libusb_slave.a(usbsetup.o)
                0x33fb98e8                Selfpwr
                0x33fb98e9                Configuration
 .data          0x33fb98ea        0x0 drivers/usb/slave/libusb_slave.a(usbin.o)
 .data          0x33fb98ea        0x0 common/libcommon.a(cmd_bdinfo.o)
 .data          0x33fb98ea        0x0 common/libcommon.a(cmd_bmp.o)
 .data          0x33fb98ea        0x0 common/libcommon.a(cmd_boot.o)
 *fill*         0x33fb98ea        0x2 00
 .data          0x33fb98ec       0xac common/libcommon.a(cmd_bootm.o)
                0x33fb98ec                load_addr
                0x33fb98f0                cmd_bootm_sub
 .data          0x33fb9998        0x0 common/libcommon.a(cmd_cache.o)
 .data          0x33fb9998        0x0 common/libcommon.a(cmd_console.o)
 .data          0x33fb9998       0x1c common/libcommon.a(cmd_date.o)
                0x33fb9998                weekdays
 .data          0x33fb99b4        0x0 common/libcommon.a(cmd_echo.o)
 .data          0x33fb99b4        0x0 common/libcommon.a(cmd_eeprom.o)
 .data          0x33fb99b4        0x0 common/libcommon.a(cmd_elf.o)
 .data          0x33fb99b4        0x0 common/libcommon.a(cmd_exit.o)
 .data          0x33fb99b4        0x0 common/libcommon.a(cmd_fat.o)
 .data          0x33fb99b4        0x0 common/libcommon.a(cmd_flash.o)
 .data          0x33fb99b4        0x0 common/libcommon.a(cmd_help.o)
 .data          0x33fb99b4        0x4 common/libcommon.a(cmd_i2c.o)
 .data          0x33fb99b8       0x68 common/libcommon.a(cmd_itest.o)
                0x33fb99b8                op_table
 .data          0x33fb9a20        0x0 common/libcommon.a(cmd_jffs2.o)
 .data          0x33fb9a20        0x4 common/libcommon.a(cmd_load.o)
 .data          0x33fb9a24        0x4 common/libcommon.a(cmd_mem.o)
                0x33fb9a24                dp_last_length
 .data          0x33fb9a28        0x0 common/libcommon.a(cmd_misc.o)
 .data          0x33fb9a28        0x4 common/libcommon.a(cmd_mmc.o)
 .data          0x33fb9a2c        0x0 common/libcommon.a(cmd_nand.o)
 .data          0x33fb9a2c        0x0 common/libcommon.a(cmd_net.o)
 .data          0x33fb9a2c        0x4 common/libcommon.a(cmd_nvedit.o)
 .data          0x33fb9a30        0x0 common/libcommon.a(cmd_reginfo.o)
 .data          0x33fb9a30        0x0 common/libcommon.a(cmd_source.o)
 .data          0x33fb9a30        0x0 common/libcommon.a(cmd_test.o)
 .data          0x33fb9a30        0x4 common/libcommon.a(cmd_usb.o)
 .data          0x33fb9a34        0x4 common/libcommon.a(cmd_usbslave.o)
                0x33fb9a34                g_bUSBWait
 .data          0x33fb9a38        0x0 common/libcommon.a(cmd_version.o)
 .data          0x33fb9a38        0x0 common/libcommon.a(cmd_ximg.o)
 .data          0x33fb9a38        0x0 common/libcommon.a(command.o)
 .data          0x33fb9a38        0x0 common/libcommon.a(console.o)
 .data          0x33fb9a38      0x414 common/libcommon.a(dlmalloc.o)
 .data          0x33fb9e4c      0x1cc common/libcommon.a(env_common.o)
                0x33fb9e4c                default_environment
 .data          0x33fba018        0x4 common/libcommon.a(env_nand.o)
                0x33fba018                env_name_spec
 .data          0x33fba01c        0x0 common/libcommon.a(exports.o)
 .data          0x33fba01c        0x0 common/libcommon.a(flash.o)
 .data          0x33fba01c       0x84 common/libcommon.a(hush.o)
 .data          0x33fba0a0      0x228 common/libcommon.a(image.o)
 .data          0x33fba2c8       0x14 common/libcommon.a(main.o)
 .data          0x33fba2dc        0x0 common/libcommon.a(s_record.o)
 .data          0x33fba2dc        0xc common/libcommon.a(stdio.o)
                0x33fba2dc                stdio_names
 .data          0x33fba2e8        0x0 common/libcommon.a(usb.o)
 .data          0x33fba2e8       0x20 common/libcommon.a(usb_storage.o)
                0x33fba2e8                us_direction
 .data          0x33fba308        0x0 common/libcommon.a(xyzModem.o)
 .data          0x33fba308        0x0 board/tekkamanninja/mini2440/libmini2440.a(mini2440.o)
 .data          0x33fba308        0x0 board/tekkamanninja/mini2440/libmini2440.a(flash.o)
 .data          0x33fba308        0x0 lib_generic/libgeneric.a(crc16.o)
 .data          0x33fba308        0x0 lib_generic/libgeneric.a(crc32.o)
 .data          0x33fba308      0x100 lib_generic/libgeneric.a(ctype.o)
                0x33fba308                _ctype
 .data          0x33fba408        0x0 lib_generic/libgeneric.a(display_options.o)
 .data          0x33fba408        0x0 lib_generic/libgeneric.a(gunzip.o)
 .data          0x33fba408        0x0 lib_generic/libgeneric.a(net_utils.o)
 .data          0x33fba408        0x0 lib_generic/libgeneric.a(string.o)
 .data          0x33fba408        0x0 lib_generic/libgeneric.a(time.o)
 .data          0x33fba408        0x0 lib_generic/libgeneric.a(vsprintf.o)
 .data          0x33fba408        0x0 lib_generic/libgeneric.a(zlib.o)
 .data          0x33fba408        0x0 lib_generic/libgeneric.a(div64.o)
 .data          0x33fba408        0x0 cpu/arm920t/s3c24x0/libs3c24x0.a(interrupts.o)
 .data          0x33fba408        0x0 cpu/arm920t/s3c24x0/libs3c24x0.a(speed.o)
 .data          0x33fba408        0x0 cpu/arm920t/s3c24x0/libs3c24x0.a(timer.o)
 .data          0x33fba408       0x50 cpu/arm920t/s3c24x0/libs3c24x0.a(usb_ohci.o)
 .data          0x33fba458        0x2 cpu/arm920t/s3c24x0/libs3c24x0.a(mmc.o)
 .data          0x33fba45a        0x0 lib_arm/libarm.a(bootm.o)
 .data          0x33fba45a        0x0 lib_arm/libarm.a(cache.o)
 .data          0x33fba45a        0x0 lib_arm/libarm.a(cache-cp15.o)
 .data          0x33fba45a        0x0 lib_arm/libarm.a(reset.o)
 *fill*         0x33fba45a        0x2 00
 .data          0x33fba45c        0x4 fs/fat/libfat.a(fat.o)
 .data          0x33fba460        0x4 fs/jffs2/libjffs2.a(jffs2_1pass.o)
 .data          0x33fba464        0x0 fs/jffs2/libjffs2.a(compr_rtime.o)
 .data          0x33fba464        0x0 fs/jffs2/libjffs2.a(compr_rubin.o)
 .data          0x33fba464        0x0 fs/jffs2/libjffs2.a(compr_zlib.o)
 .data          0x33fba464        0x0 fs/jffs2/libjffs2.a(mini_inflate.o)
 .data          0x33fba464        0x0 disk/libdisk.a(part.o)
 .data          0x33fba464        0x0 disk/libdisk.a(part_dos.o)
 .data          0x33fba464        0x0 drivers/mtd/nand/libnand.a(nand_util.o)
 .data          0x33fba464        0x0 drivers/net/libnet.a(dm9000x.o)
 .data          0x33fba464       0x30 drivers/rtc/librtc.a(date.o)
 .data          0x33fba494        0x0 drivers/rtc/librtc.a(s3c24x0_rtc.o)
 .data          0x33fba494     0x4c48 drivers/video/libvideo.a(cfb_console.o)
                0x33fbb49c                bmp_logo_palette
                0x33fbb4dc                bmp_logo_bitmap
 .data          0x33fbf0dc        0x0 drivers/video/libvideo.a(s3c2410_fb.o)
 .data          0x33fbf0dc        0x0 drivers/video/libvideo.a(videomodes.o)
 .data          0x33fbf0dc        0x0 cpu/arm920t/libarm920t.a(cpu.o)
 .data          0x33fbf0dc        0x0 /home/shihyu/mini2440/u-boot-2010.03-tekkaman/lib_arm/eabi_compat.o
 .data          0x33fbf0dc        0x0 /home/shihyu/mini2440/opt/FriendlyARM/toolschain/4.4.3/bin/../lib/gcc/arm-none-linux-gnueabi/4.4.3/libgcc.a(_udivsi3.o)
 .data          0x33fbf0dc        0x0 /home/shihyu/mini2440/opt/FriendlyARM/toolschain/4.4.3/bin/../lib/gcc/arm-none-linux-gnueabi/4.4.3/libgcc.a(_divsi3.o)
 .data          0x33fbf0dc        0x0 /home/shihyu/mini2440/opt/FriendlyARM/toolschain/4.4.3/bin/../lib/gcc/arm-none-linux-gnueabi/4.4.3/libgcc.a(_lshrdi3.o)
 .data          0x33fbf0dc        0x0 /home/shihyu/mini2440/opt/FriendlyARM/toolschain/4.4.3/bin/../lib/gcc/arm-none-linux-gnueabi/4.4.3/libgcc.a(_ashrdi3.o)
 .data          0x33fbf0dc        0x0 /home/shihyu/mini2440/opt/FriendlyARM/toolschain/4.4.3/bin/../lib/gcc/arm-none-linux-gnueabi/4.4.3/libgcc.a(_ashldi3.o)
 .data          0x33fbf0dc        0x0 /home/shihyu/mini2440/opt/FriendlyARM/toolschain/4.4.3/bin/../lib/gcc/arm-none-linux-gnueabi/4.4.3/libgcc.a(_dvmd_lnx.o)
                0x33fbf0dc                . = ALIGN (0x4)

.got
 *(.got)
                0x33fbf0dc                . = .
                0x33fbf0dc                __u_boot_cmd_start = .

.u_boot_cmd     0x33fbf0dc      0x7fc
 *(.u_boot_cmd)
 .u_boot_cmd    0x33fbf0dc       0x1c common/libcommon.a(cmd_bdinfo.o)
                0x33fbf0dc                __u_boot_cmd_bdinfo
 .u_boot_cmd    0x33fbf0f8       0x1c common/libcommon.a(cmd_bmp.o)
                0x33fbf0f8                __u_boot_cmd_bmp
 .u_boot_cmd    0x33fbf114       0x38 common/libcommon.a(cmd_boot.o)
                0x33fbf114                __u_boot_cmd_go
                0x33fbf130                __u_boot_cmd_reset
 .u_boot_cmd    0x33fbf14c       0x8c common/libcommon.a(cmd_bootm.o)
                0x33fbf14c                __u_boot_cmd_bootm
                0x33fbf168                __u_boot_cmd_boot
                0x33fbf184                __u_boot_cmd_bootd
                0x33fbf1a0                __u_boot_cmd_iminfo
                0x33fbf1bc                __u_boot_cmd_imls
 .u_boot_cmd    0x33fbf1d8       0x38 common/libcommon.a(cmd_cache.o)
                0x33fbf1d8                __u_boot_cmd_icache
                0x33fbf1f4                __u_boot_cmd_dcache
 .u_boot_cmd    0x33fbf210       0x1c common/libcommon.a(cmd_console.o)
                0x33fbf210                __u_boot_cmd_coninfo
 .u_boot_cmd    0x33fbf22c       0x1c common/libcommon.a(cmd_date.o)
                0x33fbf22c                __u_boot_cmd_date
 .u_boot_cmd    0x33fbf248       0x1c common/libcommon.a(cmd_echo.o)
                0x33fbf248                __u_boot_cmd_echo
 .u_boot_cmd    0x33fbf264       0x1c common/libcommon.a(cmd_eeprom.o)
                0x33fbf264                __u_boot_cmd_eeprom
 .u_boot_cmd    0x33fbf280       0x38 common/libcommon.a(cmd_elf.o)
                0x33fbf280                __u_boot_cmd_bootelf
                0x33fbf29c                __u_boot_cmd_bootvx
 .u_boot_cmd    0x33fbf2b8       0x1c common/libcommon.a(cmd_exit.o)
                0x33fbf2b8                __u_boot_cmd_exit
 .u_boot_cmd    0x33fbf2d4       0x54 common/libcommon.a(cmd_fat.o)
                0x33fbf2d4                __u_boot_cmd_fatload
                0x33fbf2f0                __u_boot_cmd_fatls
                0x33fbf30c                __u_boot_cmd_fatinfo
 .u_boot_cmd    0x33fbf328       0x54 common/libcommon.a(cmd_flash.o)
                0x33fbf328                __u_boot_cmd_flinfo
                0x33fbf344                __u_boot_cmd_erase
                0x33fbf360                __u_boot_cmd_protect
 .u_boot_cmd    0x33fbf37c       0x38 common/libcommon.a(cmd_help.o)
                0x33fbf37c                __u_boot_cmd_help
                0x33fbf398                __u_boot_cmd_question_mark
 .u_boot_cmd    0x33fbf3b4       0x1c common/libcommon.a(cmd_i2c.o)
                0x33fbf3b4                __u_boot_cmd_i2c
 .u_boot_cmd    0x33fbf3d0       0x1c common/libcommon.a(cmd_itest.o)
                0x33fbf3d0                __u_boot_cmd_itest
 .u_boot_cmd    0x33fbf3ec       0x54 common/libcommon.a(cmd_jffs2.o)
                0x33fbf3ec                __u_boot_cmd_fsload
                0x33fbf408                __u_boot_cmd_ls
                0x33fbf424                __u_boot_cmd_fsinfo
 .u_boot_cmd    0x33fbf440       0x70 common/libcommon.a(cmd_load.o)
                0x33fbf440                __u_boot_cmd_loads
                0x33fbf45c                __u_boot_cmd_loadb
                0x33fbf478                __u_boot_cmd_loadx
                0x33fbf494                __u_boot_cmd_loady
 .u_boot_cmd    0x33fbf4b0      0x134 common/libcommon.a(cmd_mem.o)
                0x33fbf4b0                __u_boot_cmd_md
                0x33fbf4cc                __u_boot_cmd_mm
                0x33fbf4e8                __u_boot_cmd_nm
                0x33fbf504                __u_boot_cmd_mw
                0x33fbf520                __u_boot_cmd_cp
                0x33fbf53c                __u_boot_cmd_cmp
                0x33fbf558                __u_boot_cmd_crc32
                0x33fbf574                __u_boot_cmd_base
                0x33fbf590                __u_boot_cmd_loop
                0x33fbf5ac                __u_boot_cmd_mtest
                0x33fbf5c8                __u_boot_cmd_unzip
 .u_boot_cmd    0x33fbf5e4       0x1c common/libcommon.a(cmd_misc.o)
                0x33fbf5e4                __u_boot_cmd_sleep
 .u_boot_cmd    0x33fbf600       0x1c common/libcommon.a(cmd_mmc.o)
                0x33fbf600                __u_boot_cmd_mmc
 .u_boot_cmd    0x33fbf61c       0x38 common/libcommon.a(cmd_nand.o)
                0x33fbf61c                __u_boot_cmd_nand
                0x33fbf638                __u_boot_cmd_nboot
 .u_boot_cmd    0x33fbf654       0xa8 common/libcommon.a(cmd_net.o)
                0x33fbf654                __u_boot_cmd_bootp
                0x33fbf670                __u_boot_cmd_tftpboot
                0x33fbf68c                __u_boot_cmd_rarpboot
                0x33fbf6a8                __u_boot_cmd_dhcp
                0x33fbf6c4                __u_boot_cmd_nfs
                0x33fbf6e0                __u_boot_cmd_ping
 .u_boot_cmd    0x33fbf6fc       0xa8 common/libcommon.a(cmd_nvedit.o)
                0x33fbf6fc                __u_boot_cmd_saveenv
                0x33fbf718                __u_boot_cmd_editenv
                0x33fbf734                __u_boot_cmd_printenv
                0x33fbf750                __u_boot_cmd_setenv
                0x33fbf76c                __u_boot_cmd_askenv
                0x33fbf788                __u_boot_cmd_run
 .u_boot_cmd    0x33fbf7a4       0x1c common/libcommon.a(cmd_reginfo.o)
                0x33fbf7a4                __u_boot_cmd_reginfo
 .u_boot_cmd    0x33fbf7c0       0x1c common/libcommon.a(cmd_source.o)
                0x33fbf7c0                __u_boot_cmd_source
 .u_boot_cmd    0x33fbf7dc       0x54 common/libcommon.a(cmd_test.o)
                0x33fbf7dc                __u_boot_cmd_test
                0x33fbf7f8                __u_boot_cmd_false
                0x33fbf814                __u_boot_cmd_true
 .u_boot_cmd    0x33fbf830       0x38 common/libcommon.a(cmd_usb.o)
                0x33fbf830                __u_boot_cmd_usb
                0x33fbf84c                __u_boot_cmd_usbboot
 .u_boot_cmd    0x33fbf868       0x1c common/libcommon.a(cmd_usbslave.o)
                0x33fbf868                __u_boot_cmd_usbslave
 .u_boot_cmd    0x33fbf884       0x1c common/libcommon.a(cmd_version.o)
                0x33fbf884                __u_boot_cmd_version
 .u_boot_cmd    0x33fbf8a0       0x1c common/libcommon.a(cmd_ximg.o)
                0x33fbf8a0                __u_boot_cmd_imxtract
 .u_boot_cmd    0x33fbf8bc       0x1c common/libcommon.a(hush.o)
                0x33fbf8bc                __u_boot_cmd_showvar
                0x33fbf8d8                __u_boot_cmd_end = .
                0x33fbf8d8                . = ALIGN (0x4)
                0x33fbf8d8                __bss_start = .

.bss            0x33fbf900    0x42e4c
 *(.bss)
 .bss           0x33fbf900        0x0 cpu/arm920t/start.o
 .bss           0x33fbf900        0x0 board/tekkamanninja/mini2440/lowlevel_init.o
 .bss           0x33fbf900        0x0 board/tekkamanninja/mini2440/nand_read.o
 .bss           0x33fbf900        0x4 lib_arm/libarm.a(board.o)
                0x33fbf900                monitor_flash_len
 .bss           0x33fbf904        0x0 lib_arm/libarm.a(interrupts.o)
 .bss           0x33fbf904       0x14 net/libnet.a(eth.o)
 .bss           0x33fbf918     0x25e4 net/libnet.a(net.o)
                0x33fbf918                NetState
                0x33fbf92c                NetIPID
                0x33fbf930                NetOurIP
                0x33fbf934                NetOurEther
                0x33fbf93c                NetPingIP
                0x33fbf940                NetRxPacket
                0x33fbf944                NetRxPacketLen
                0x33fbf948                NetArpWaitPacketIP
                0x33fbf94c                NetArpWaitPacketMAC
                0x33fbf950                NetArpWaitReplyIP
                0x33fbf954                NetArpWaitTxPacket
                0x33fbf958                NetArpWaitTxPacketSize
                0x33fbf95c                NetServerIP
                0x33fbf960                NetServerEther
                0x33fbf968                NetTxPacket
                0x33fbf96c                NetOurSubnetMask
                0x33fbf970                NetOurGatewayIP
                0x33fbf97c                NetEtherNullAddr
                0x33fbf984                NetArpWaitTry
                0x33fbf988                NetArpWaitTimerStart
                0x33fbf994                NetRestartWrap
                0x33fbf99c                PktBuf
                0x33fc17bc                NetRxPackets
                0x33fc17cc                NetArpWaitPacketBuf
                0x33fc1df0                NetBootFileXferSize
                0x33fc1df4                NetOurDNSIP
                0x33fc1df8                NetOurNISDomain
                0x33fc1e18                NetOurHostName
                0x33fc1e38                NetOurRootPath
                0x33fc1e78                NetBootFileSize
                0x33fc1e7c                BootFile
 .bss           0x33fc1efc      0x8b0 net/libnet.a(nfs.o)
 .bss           0x33fc27ac        0x4 net/libnet.a(rarp.o)
                0x33fc27ac                RarpTry
 .bss           0x33fc27b0       0xb4 net/libnet.a(tftp.o)
 .bss           0x33fc2864       0x14 net/libnet.a(bootp.o)
                0x33fc2864                dhcp_leasetime
                0x33fc2868                NetDHCPServerIP
                0x33fc286c                BootpID
                0x33fc2870                dhcp_state
                0x33fc2874                BootpTry
 .bss           0x33fc2878        0x0 drivers/i2c/libi2c.a(s3c24x0_i2c.o)
 .bss           0x33fc2878      0x1d0 drivers/mtd/nand/libnand.a(nand.o)
                0x33fc2878                nand_info
 .bss           0x33fc2a48        0x0 drivers/mtd/nand/libnand.a(nand_base.o)
 .bss           0x33fc2a48        0x0 drivers/mtd/nand/libnand.a(nand_bbt.o)
 .bss           0x33fc2a48        0x0 drivers/mtd/nand/libnand.a(nand_ecc.o)
 .bss           0x33fc2a48        0x0 drivers/mtd/nand/libnand.a(nand_ids.o)
 .bss           0x33fc2a48        0x0 drivers/mtd/nand/libnand.a(s3c2410_nand.o)
 .bss           0x33fc2a48        0x0 drivers/serial/libserial.a(serial_s3c24x0.o)
 .bss           0x33fc2a48       0x4c drivers/usb/slave/libusb_slave.a(usbinit.o)
                0x33fc2a48                isUsbdSetConfiguration
                0x33fc2a4c                download_run
                0x33fc2a50                dwUSBBufBase
                0x33fc2a54                dwUSBBufReadPtr
                0x33fc2a58                dwUSBBufWritePtr
                0x33fc2a5c                bDMAPending
                0x33fc2a60                tempDownloadAddress
                0x33fc2a64                downloadAddress
                0x33fc2a68                downPt
                0x33fc2a6c                downloadFileSize
                0x33fc2a70                dwWillDMACnt
                0x33fc2a74                totalDmaCount
                0x33fc2a78                restart
                0x33fc2a7c                err
                0x33fc2a80                menuUsed
                0x33fc2a84                run
                0x33fc2a88                checkSum
                0x33fc2a8c                dwUSBBufSize
                0x33fc2a90                consoleNum
 .bss           0x33fc2a94       0xd0 drivers/usb/slave/libusb_slave.a(interrupt.o)
                0x33fc2a98                g_TimerIntHappen
                0x33fc2a9c                isr_handle_array
 .bss           0x33fc2b64        0x0 drivers/usb/slave/libusb_slave.a(usblib.o)
 .bss           0x33fc2b64     0x1008 drivers/usb/slave/libusb_slave.a(usbmain.o)
                0x33fc2b64                dbgStrWrPt
                0x33fc2b68                dbgStrFifo
                0x33fc3b68                dbgStrRdPt
 .bss           0x33fc3b6c       0x20 drivers/usb/slave/libusb_slave.a(usbout.o)
                0x33fc3b6c                ep3Buf
 .bss           0x33fc3b8c       0x68 drivers/usb/slave/libusb_slave.a(usbsetup.o)
                0x33fc3b8c                descDev
                0x33fc3ba0                descConf
                0x33fc3bac                descIf
                0x33fc3bb8                descEndpt0
                0x33fc3bc0                descEndpt1
                0x33fc3bc8                ep0State
                0x33fc3bcc                descSetup
                0x33fc3bd8                ConfigSet
                0x33fc3bd9                Rwuen
                0x33fc3bdc                StatusGet
                0x33fc3be4                InterfaceGet
                0x33fc3be8                ep0SubState
                0x33fc3bec                AlterSetting
                0x33fc3bed                device_status
                0x33fc3bee                interface_status
                0x33fc3bef                endpoint0_status
                0x33fc3bf0                endpoint1_status
                0x33fc3bf1                endpoint3_status
 .bss           0x33fc3bf4       0x24 drivers/usb/slave/libusb_slave.a(usbin.o)
                0x33fc3bf4                transferIndex
                0x33fc3bf8                ep1Buf
 .bss           0x33fc3c18        0x0 common/libcommon.a(cmd_bdinfo.o)
 .bss           0x33fc3c18        0x0 common/libcommon.a(cmd_bmp.o)
 .bss           0x33fc3c18        0x0 common/libcommon.a(cmd_boot.o)
 .bss           0x33fc3c18       0x8c common/libcommon.a(cmd_bootm.o)
 .bss           0x33fc3ca4        0x0 common/libcommon.a(cmd_cache.o)
 .bss           0x33fc3ca4        0x0 common/libcommon.a(cmd_console.o)
 .bss           0x33fc3ca4        0x0 common/libcommon.a(cmd_date.o)
 .bss           0x33fc3ca4        0x0 common/libcommon.a(cmd_echo.o)
 .bss           0x33fc3ca4        0x0 common/libcommon.a(cmd_eeprom.o)
 .bss           0x33fc3ca4        0x0 common/libcommon.a(cmd_elf.o)
 .bss           0x33fc3ca4        0x0 common/libcommon.a(cmd_exit.o)
 .bss           0x33fc3ca4        0x0 common/libcommon.a(cmd_fat.o)
 .bss           0x33fc3ca4        0x0 common/libcommon.a(cmd_flash.o)
 .bss           0x33fc3ca4        0x0 common/libcommon.a(cmd_help.o)
 .bss           0x33fc3ca4       0x18 common/libcommon.a(cmd_i2c.o)
 .bss           0x33fc3cbc        0x0 common/libcommon.a(cmd_itest.o)
 .bss           0x33fc3cbc        0xc common/libcommon.a(cmd_jffs2.o)
                0x33fc3cc0                current_mtd_dev
                0x33fc3cc4                current_mtd_partnum
 .bss           0x33fc3cc8       0x60 common/libcommon.a(cmd_load.o)
                0x33fc3cd8                os_data_init
                0x33fc3ce8                os_data_char
                0x33fc3cec                his_quote
                0x33fc3cf0                his_pad_count
                0x33fc3cf4                his_pad_char
                0x33fc3cf5                his_eol
                0x33fc3cf8                send_ptr
                0x33fc3cfc                send_parms
 .bss           0x33fc3d28       0x14 common/libcommon.a(cmd_mem.o)
                0x33fc3d2c                mm_last_addr
                0x33fc3d30                mm_last_size
                0x33fc3d34                dp_last_addr
                0x33fc3d38                dp_last_size
 .bss           0x33fc3d3c        0x0 common/libcommon.a(cmd_misc.o)
 .bss           0x33fc3d3c        0x0 common/libcommon.a(cmd_mmc.o)
 .bss           0x33fc3d3c        0x0 common/libcommon.a(cmd_nand.o)
 .bss           0x33fc3d3c        0x0 common/libcommon.a(cmd_net.o)
 .bss           0x33fc3d3c        0x0 common/libcommon.a(cmd_nvedit.o)
 .bss           0x33fc3d3c        0x0 common/libcommon.a(cmd_reginfo.o)
 .bss           0x33fc3d3c        0x0 common/libcommon.a(cmd_source.o)
 .bss           0x33fc3d3c        0x0 common/libcommon.a(cmd_test.o)
 .bss           0x33fc3d3c        0x0 common/libcommon.a(cmd_usb.o)
 .bss           0x33fc3d3c        0x4 common/libcommon.a(cmd_usbslave.o)
                0x33fc3d3c                g_dwDownloadLen
 .bss           0x33fc3d40        0x0 common/libcommon.a(cmd_version.o)
 .bss           0x33fc3d40        0x0 common/libcommon.a(cmd_ximg.o)
 .bss           0x33fc3d40      0x300 common/libcommon.a(command.o)
 .bss           0x33fc4040        0x8 common/libcommon.a(console.o)
 .bss           0x33fc4048       0x44 common/libcommon.a(dlmalloc.o)
                0x33fc4048                mem_malloc_brk
                0x33fc404c                mem_malloc_start
                0x33fc4050                mem_malloc_end
 .bss           0x33fc408c        0x0 common/libcommon.a(env_common.o)
 .bss           0x33fc408c        0x4 common/libcommon.a(env_nand.o)
                0x33fc408c                env_ptr
 .bss           0x33fc4090        0x0 common/libcommon.a(exports.o)
 .bss           0x33fc4090        0x0 common/libcommon.a(flash.o)
 .bss           0x33fc4090      0x258 common/libcommon.a(hush.o)
                0x33fc42dc                last_return_code
                0x33fc42e4                nesting_level
 .bss           0x33fc42e8        0x0 common/libcommon.a(image.o)
 .bss           0x33fc42e8     0x1560 common/libcommon.a(main.o)
                0x33fc42f4                hist_num
                0x33fc42f8                hist_lines
                0x33fc56f8                hist_list
                0x33fc5748                console_buffer
 .bss           0x33fc5848        0x0 common/libcommon.a(s_record.o)
 .bss           0x33fc5848       0x48 common/libcommon.a(stdio.o)
                0x33fc5884                stdio_devices
 .bss           0x33fc5890     0xaa1c common/libcommon.a(usb.o)
                0x33fd029c                usb_started
 .bss           0x33fd02ac      0x5b8 common/libcommon.a(usb_storage.o)
 .bss           0x33fd0864      0x43c common/libcommon.a(xyzModem.o)
 .bss           0x33fd0ca0        0x0 board/tekkamanninja/mini2440/libmini2440.a(mini2440.o)
 .bss           0x33fd0ca0       0xac board/tekkamanninja/mini2440/libmini2440.a(flash.o)
                0x33fd0ca0                flash_info
 .bss           0x33fd0d4c        0x0 lib_generic/libgeneric.a(crc16.o)
 .bss           0x33fd0d4c        0x0 lib_generic/libgeneric.a(crc32.o)
 .bss           0x33fd0d4c        0x0 lib_generic/libgeneric.a(ctype.o)
 .bss           0x33fd0d4c        0x0 lib_generic/libgeneric.a(display_options.o)
 .bss           0x33fd0d4c        0x0 lib_generic/libgeneric.a(gunzip.o)
 .bss           0x33fd0d4c        0x0 lib_generic/libgeneric.a(net_utils.o)
 .bss           0x33fd0d4c        0x4 lib_generic/libgeneric.a(string.o)
                0x33fd0d4c                ___strtok
 .bss           0x33fd0d50        0x0 lib_generic/libgeneric.a(time.o)
 .bss           0x33fd0d50        0x0 lib_generic/libgeneric.a(vsprintf.o)
 .bss           0x33fd0d50        0x0 lib_generic/libgeneric.a(zlib.o)
 .bss           0x33fd0d50        0x0 lib_generic/libgeneric.a(div64.o)
 .bss           0x33fd0d50        0x0 cpu/arm920t/s3c24x0/libs3c24x0.a(interrupts.o)
 .bss           0x33fd0d50        0x0 cpu/arm920t/s3c24x0/libs3c24x0.a(speed.o)
 .bss           0x33fd0d50       0x10 cpu/arm920t/s3c24x0/libs3c24x0.a(timer.o)
                0x33fd0d58                timer_load_val
 *fill*         0x33fd0d60       0xa0 00
 .bss           0x33fd0e00     0x1500 cpu/arm920t/s3c24x0/libs3c24x0.a(usb_ohci.o)
                0x33fd0ec8                urb_priv
                0x33fd0f9c                phcca
                0x33fd1000                ghcca
                0x33fd1100                ohci_dev
                0x33fd12a0                gtd
                0x33fd22e0                ptd
                0x33fd22e8                urb_finished
                0x33fd22ec                devgone
                0x33fd22f0                got_rhsc
 .bss           0x33fd2300      0x2a8 cpu/arm920t/s3c24x0/libs3c24x0.a(mmc.o)
 .bss           0x33fd25a8        0x4 lib_arm/libarm.a(bootm.o)
 .bss           0x33fd25ac        0x0 lib_arm/libarm.a(cache.o)
 .bss           0x33fd25ac        0x0 lib_arm/libarm.a(cache-cp15.o)
 .bss           0x33fd25ac        0x0 lib_arm/libarm.a(reset.o)
 .bss           0x33fd25ac    0x30008 fs/fat/libfat.a(fat.o)
                0x33fd25b4                get_vfatname_block
                0x33fe25b4                do_fat_read_block
                0x33ff25b4                get_dentfromdir_block
 .bss           0x340025b4        0x8 fs/jffs2/libjffs2.a(jffs2_1pass.o)
 .bss           0x340025bc        0x0 fs/jffs2/libjffs2.a(compr_rtime.o)
 .bss           0x340025bc        0x0 fs/jffs2/libjffs2.a(compr_rubin.o)
 .bss           0x340025bc        0x0 fs/jffs2/libjffs2.a(compr_zlib.o)
 .bss           0x340025bc        0x0 fs/jffs2/libjffs2.a(mini_inflate.o)
 .bss           0x340025bc        0x0 disk/libdisk.a(part.o)
 .bss           0x340025bc        0x0 disk/libdisk.a(part_dos.o)
 .bss           0x340025bc        0x0 drivers/mtd/nand/libnand.a(nand_util.o)
 .bss           0x340025bc       0xe0 drivers/net/libnet.a(dm9000x.o)
 .bss           0x3400269c        0x0 drivers/rtc/librtc.a(date.o)
 .bss           0x3400269c        0x0 drivers/rtc/librtc.a(s3c24x0_rtc.o)
 .bss           0x3400269c       0x20 drivers/video/libvideo.a(cfb_console.o)
 .bss           0x340026bc       0x90 drivers/video/libvideo.a(s3c2410_fb.o)
                0x340026bc                smi
 .bss           0x3400274c        0x0 drivers/video/libvideo.a(videomodes.o)
 .bss           0x3400274c        0x0 cpu/arm920t/libarm920t.a(cpu.o)
 .bss           0x3400274c        0x0 /home/shihyu/mini2440/u-boot-2010.03-tekkaman/lib_arm/eabi_compat.o
 .bss           0x3400274c        0x0 /home/shihyu/mini2440/opt/FriendlyARM/toolschain/4.4.3/bin/../lib/gcc/arm-none-linux-gnueabi/4.4.3/libgcc.a(_udivsi3.o)
 .bss           0x3400274c        0x0 /home/shihyu/mini2440/opt/FriendlyARM/toolschain/4.4.3/bin/../lib/gcc/arm-none-linux-gnueabi/4.4.3/libgcc.a(_divsi3.o)
 .bss           0x3400274c        0x0 /home/shihyu/mini2440/opt/FriendlyARM/toolschain/4.4.3/bin/../lib/gcc/arm-none-linux-gnueabi/4.4.3/libgcc.a(_lshrdi3.o)
 .bss           0x3400274c        0x0 /home/shihyu/mini2440/opt/FriendlyARM/toolschain/4.4.3/bin/../lib/gcc/arm-none-linux-gnueabi/4.4.3/libgcc.a(_ashrdi3.o)
 .bss           0x3400274c        0x0 /home/shihyu/mini2440/opt/FriendlyARM/toolschain/4.4.3/bin/../lib/gcc/arm-none-linux-gnueabi/4.4.3/libgcc.a(_ashldi3.o)
 .bss           0x3400274c        0x0 /home/shihyu/mini2440/opt/FriendlyARM/toolschain/4.4.3/bin/../lib/gcc/arm-none-linux-gnueabi/4.4.3/libgcc.a(_dvmd_lnx.o)
                0x3400274c                . = ALIGN (0x4)
                0x3400274c                _end = .
Address of section .text set to 0x33f80000
LOAD cpu/arm920t/start.o
START GROUP
LOAD lib_generic/libgeneric.a
LOAD lib_generic/lzma/liblzma.a
LOAD lib_generic/lzo/liblzo.a
LOAD cpu/arm920t/libarm920t.a
LOAD cpu/arm920t/s3c24x0/libs3c24x0.a
LOAD lib_arm/libarm.a
LOAD fs/cramfs/libcramfs.a
LOAD fs/fat/libfat.a
LOAD fs/fdos/libfdos.a
LOAD fs/jffs2/libjffs2.a
LOAD fs/reiserfs/libreiserfs.a
LOAD fs/ext2/libext2fs.a
LOAD fs/yaffs2/libyaffs2.a
LOAD fs/ubifs/libubifs.a
LOAD net/libnet.a
LOAD disk/libdisk.a
LOAD drivers/bios_emulator/libatibiosemu.a
LOAD drivers/block/libblock.a
LOAD drivers/dma/libdma.a
LOAD drivers/fpga/libfpga.a
LOAD drivers/gpio/libgpio.a
LOAD drivers/hwmon/libhwmon.a
LOAD drivers/i2c/libi2c.a
LOAD drivers/input/libinput.a
LOAD drivers/misc/libmisc.a
LOAD drivers/mmc/libmmc.a
LOAD drivers/mtd/libmtd.a
LOAD drivers/mtd/nand/libnand.a
LOAD drivers/mtd/onenand/libonenand.a
LOAD drivers/mtd/ubi/libubi.a
LOAD drivers/mtd/spi/libspi_flash.a
LOAD drivers/net/libnet.a
LOAD drivers/net/phy/libphy.a
LOAD drivers/pci/libpci.a
LOAD drivers/pcmcia/libpcmcia.a
LOAD drivers/power/libpower.a
LOAD drivers/spi/libspi.a
LOAD drivers/rtc/librtc.a
LOAD drivers/serial/libserial.a
LOAD drivers/twserial/libtws.a
LOAD drivers/usb/gadget/libusb_gadget.a
LOAD drivers/usb/host/libusb_host.a
LOAD drivers/usb/musb/libusb_musb.a
LOAD drivers/usb/slave/libusb_slave.a
LOAD drivers/usb/phy/libusb_phy.a
LOAD drivers/video/libvideo.a
LOAD drivers/watchdog/libwatchdog.a
LOAD common/libcommon.a
LOAD libfdt/libfdt.a
LOAD api/libapi.a
LOAD post/libpost.a
LOAD board/tekkamanninja/mini2440/libmini2440.a
END GROUP
LOAD /home/shihyu/mini2440/u-boot-2010.03-tekkaman/lib_arm/eabi_compat.o
LOAD /home/shihyu/mini2440/opt/FriendlyARM/toolschain/4.4.3/bin/../lib/gcc/arm-none-linux-gnueabi/4.4.3/libgcc.a
OUTPUT(u-boot elf32-littlearm)

.ARM.attributes
                0x00000000       0x26
 .ARM.attributes
                0x00000000       0x17 cpu/arm920t/start.o
 .ARM.attributes
                0x00000017       0x17 board/tekkamanninja/mini2440/lowlevel_init.o
 .ARM.attributes
                0x0000002e       0x27 board/tekkamanninja/mini2440/nand_read.o
 .ARM.attributes
                0x00000055       0x27 lib_arm/libarm.a(board.o)
 .ARM.attributes
                0x0000007c       0x27 lib_arm/libarm.a(interrupts.o)
 .ARM.attributes
                0x000000a3       0x27 net/libnet.a(eth.o)
 .ARM.attributes
                0x000000ca       0x27 net/libnet.a(net.o)
 .ARM.attributes
                0x000000f1       0x27 net/libnet.a(nfs.o)
 .ARM.attributes
                0x00000118       0x27 net/libnet.a(rarp.o)
 .ARM.attributes
                0x0000013f       0x27 net/libnet.a(tftp.o)
 .ARM.attributes
                0x00000166       0x27 net/libnet.a(bootp.o)
 .ARM.attributes
                0x0000018d       0x27 drivers/i2c/libi2c.a(s3c24x0_i2c.o)
 .ARM.attributes
                0x000001b4       0x27 drivers/mtd/nand/libnand.a(nand.o)
 .ARM.attributes
                0x000001db       0x27 drivers/mtd/nand/libnand.a(nand_base.o)
 .ARM.attributes
                0x00000202       0x27 drivers/mtd/nand/libnand.a(nand_bbt.o)
 .ARM.attributes
                0x00000229       0x27 drivers/mtd/nand/libnand.a(nand_ecc.o)
 .ARM.attributes
                0x00000250       0x27 drivers/mtd/nand/libnand.a(nand_ids.o)
 .ARM.attributes
                0x00000277       0x27 drivers/mtd/nand/libnand.a(s3c2410_nand.o)
 .ARM.attributes
                0x0000029e       0x27 drivers/serial/libserial.a(serial_s3c24x0.o)
 .ARM.attributes
                0x000002c5       0x27 drivers/usb/slave/libusb_slave.a(usbinit.o)
 .ARM.attributes
                0x000002ec       0x27 drivers/usb/slave/libusb_slave.a(interrupt.o)
 .ARM.attributes
                0x00000313       0x27 drivers/usb/slave/libusb_slave.a(usblib.o)
 .ARM.attributes
                0x0000033a       0x27 drivers/usb/slave/libusb_slave.a(usbmain.o)
 .ARM.attributes
                0x00000361       0x27 drivers/usb/slave/libusb_slave.a(usbout.o)
 .ARM.attributes
                0x00000388       0x27 drivers/usb/slave/libusb_slave.a(usbsetup.o)
 .ARM.attributes
                0x000003af       0x27 drivers/usb/slave/libusb_slave.a(usbin.o)
 .ARM.attributes
                0x000003d6       0x27 common/libcommon.a(cmd_bdinfo.o)
 .ARM.attributes
                0x000003fd       0x27 common/libcommon.a(cmd_bmp.o)
 .ARM.attributes
                0x00000424       0x27 common/libcommon.a(cmd_boot.o)
 .ARM.attributes
                0x0000044b       0x27 common/libcommon.a(cmd_bootm.o)
 .ARM.attributes
                0x00000472       0x27 common/libcommon.a(cmd_cache.o)
 .ARM.attributes
                0x00000499       0x27 common/libcommon.a(cmd_console.o)
 .ARM.attributes
                0x000004c0       0x27 common/libcommon.a(cmd_date.o)
 .ARM.attributes
                0x000004e7       0x27 common/libcommon.a(cmd_echo.o)
 .ARM.attributes
                0x0000050e       0x27 common/libcommon.a(cmd_eeprom.o)
 .ARM.attributes
                0x00000535       0x27 common/libcommon.a(cmd_elf.o)
 .ARM.attributes
                0x0000055c       0x27 common/libcommon.a(cmd_exit.o)
 .ARM.attributes
                0x00000583       0x27 common/libcommon.a(cmd_fat.o)
 .ARM.attributes
                0x000005aa       0x27 common/libcommon.a(cmd_flash.o)
 .ARM.attributes
                0x000005d1       0x27 common/libcommon.a(cmd_help.o)
 .ARM.attributes
                0x000005f8       0x27 common/libcommon.a(cmd_i2c.o)
 .ARM.attributes
                0x0000061f       0x27 common/libcommon.a(cmd_itest.o)
 .ARM.attributes
                0x00000646       0x27 common/libcommon.a(cmd_jffs2.o)
 .ARM.attributes
                0x0000066d       0x27 common/libcommon.a(cmd_load.o)
 .ARM.attributes
                0x00000694       0x27 common/libcommon.a(cmd_mem.o)
 .ARM.attributes
                0x000006bb       0x27 common/libcommon.a(cmd_misc.o)
 .ARM.attributes
                0x000006e2       0x27 common/libcommon.a(cmd_mmc.o)
 .ARM.attributes
                0x00000709       0x27 common/libcommon.a(cmd_nand.o)